[3.302s] Invoking command in '/workspaces/IRS_Rover_ROS2_Workspace/rover_ws/src/rover_lidar': PYTHONPATH=/workspaces/IRS_Rover_ROS2_Workspace/rover_ws/build/rover_lidar/prefix_override:/usr/lib/python3/dist-packages/colcon_core/task/python/colcon_distutils_commands:/workspaces/IRS_Rover_ROS2_Workspace/rover_ws/install/rover_lidar/lib/python3.10/site-packages:${PYTHONPATH} /usr/bin/python3 -W ignore:setup.py install is deprecated -W ignore:easy_install command is deprecated setup.py egg_info --egg-base ../../build/rover_lidar build --build-base /workspaces/IRS_Rover_ROS2_Workspace/rover_ws/build/rover_lidar/build install --record /workspaces/IRS_Rover_ROS2_Workspace/rover_ws/build/rover_lidar/install.log --single-version-externally-managed install_data
[4.174s] running egg_info
[4.178s] writing ../../build/rover_lidar/rover_lidar.egg-info/PKG-INFO
[4.186s] writing dependency_links to ../../build/rover_lidar/rover_lidar.egg-info/dependency_links.txt
[4.190s] writing entry points to ../../build/rover_lidar/rover_lidar.egg-info/entry_points.txt
[4.192s] writing requirements to ../../build/rover_lidar/rover_lidar.egg-info/requires.txt
[4.197s] writing top-level names to ../../build/rover_lidar/rover_lidar.egg-info/top_level.txt
[4.223s] reading manifest file '../../build/rover_lidar/rover_lidar.egg-info/SOURCES.txt'
[4.226s] writing manifest file '../../build/rover_lidar/rover_lidar.egg-info/SOURCES.txt'
[4.230s] running build
[4.232s] running build_py
[4.234s] copying rover_lidar/lidar_processing_node.py -> /workspaces/IRS_Rover_ROS2_Workspace/rover_ws/build/rover_lidar/build/lib/rover_lidar
[4.238s] running install
[4.241s] running install_lib
[4.246s] copying /workspaces/IRS_Rover_ROS2_Workspace/rover_ws/build/rover_lidar/build/lib/rover_lidar/lidar_processing_node.py -> /workspaces/IRS_Rover_ROS2_Workspace/rover_ws/install/rover_lidar/lib/python3.10/site-packages/rover_lidar
[4.252s] byte-compiling /workspaces/IRS_Rover_ROS2_Workspace/rover_ws/install/rover_lidar/lib/python3.10/site-packages/rover_lidar/lidar_processing_node.py to lidar_processing_node.cpython-310.pyc
[4.269s] running install_data
[4.273s] running install_egg_info
[4.283s] removing '/workspaces/IRS_Rover_ROS2_Workspace/rover_ws/install/rover_lidar/lib/python3.10/site-packages/rover_lidar-0.0.0-py3.10.egg-info' (and everything under it)
[4.285s] Copying ../../build/rover_lidar/rover_lidar.egg-info to /workspaces/IRS_Rover_ROS2_Workspace/rover_ws/install/rover_lidar/lib/python3.10/site-packages/rover_lidar-0.0.0-py3.10.egg-info
[4.331s] running install_scripts
[4.396s] Installing fake_lidar_node script to /workspaces/IRS_Rover_ROS2_Workspace/rover_ws/install/rover_lidar/lib/rover_lidar
[4.399s] Installing lidar_processing_node script to /workspaces/IRS_Rover_ROS2_Workspace/rover_ws/install/rover_lidar/lib/rover_lidar
[4.404s] writing list of installed files to '/workspaces/IRS_Rover_ROS2_Workspace/rover_ws/build/rover_lidar/install.log'
[4.474s] Invoked command in '/workspaces/IRS_Rover_ROS2_Workspace/rover_ws/src/rover_lidar' returned '0': PYTHONPATH=/workspaces/IRS_Rover_ROS2_Workspace/rover_ws/build/rover_lidar/prefix_override:/usr/lib/python3/dist-packages/colcon_core/task/python/colcon_distutils_commands:/workspaces/IRS_Rover_ROS2_Workspace/rover_ws/install/rover_lidar/lib/python3.10/site-packages:${PYTHONPATH} /usr/bin/python3 -W ignore:setup.py install is deprecated -W ignore:easy_install command is deprecated setup.py egg_info --egg-base ../../build/rover_lidar build --build-base /workspaces/IRS_Rover_ROS2_Workspace/rover_ws/build/rover_lidar/build install --record /workspaces/IRS_Rover_ROS2_Workspace/rover_ws/build/rover_lidar/install.log --single-version-externally-managed install_data
