[0.541s] DEBUG:colcon:Command line arguments: ['/usr/bin/colcon', 'build']
[0.542s] DEBUG:colcon:Parsed command line arguments: Namespace(log_base=None, log_level=None, verb_name='build', build_base='build', install_base='install', merge_install=False, symlink_install=False, test_result_base=None, continue_on_error=False, executor='parallel', parallel_workers=12, event_handlers=None, ignore_user_meta=False, metas=['./colcon.meta'], base_paths=['.'], packages_ignore=None, packages_ignore_regex=None, paths=None, packages_up_to=None, packages_up_to_regex=None, packages_above=None, packages_above_and_dependencies=None, packages_above_depth=None, packages_select_by_dep=None, packages_skip_by_dep=None, packages_skip_up_to=None, packages_select_build_failed=False, packages_skip_build_finished=False, packages_select_test_failures=False, packages_skip_test_passed=False, packages_select=None, packages_skip=None, packages_select_regex=None, packages_skip_regex=None, packages_start=None, packages_end=None, cmake_args=None, cmake_target=None, cmake_target_skip_unavailable=False, cmake_clean_cache=False, cmake_clean_first=False, cmake_force_configure=False, ament_cmake_args=None, catkin_cmake_args=None, catkin_skip_building_tests=False, mixin_files=None, mixin=None, verb_parser=<colcon_mixin.mixin.mixin_argument.MixinArgumentDecorator object at 0x7f74de3a5150>, verb_extension=<colcon_core.verb.build.BuildVerb object at 0x7f74de3a4ca0>, main=<bound method BuildVerb.main of <colcon_core.verb.build.BuildVerb object at 0x7f74de3a4ca0>>, mixin_verb=('build',))
[1.077s] Level 1:colcon.colcon_core.package_discovery:discover_packages(colcon_meta) check parameters
[1.079s] INFO:colcon.colcon_metadata.package_discovery.colcon_meta:Using configuration from '/root/.colcon/metadata/default/Gazebo.meta'
[1.081s] INFO:colcon.colcon_metadata.package_discovery.colcon_meta:Using configuration from '/root/.colcon/metadata/default/fastdds.meta'
[1.083s] INFO:colcon.colcon_metadata.package_discovery.colcon_meta:Using configuration from '/root/.colcon/metadata/default/fastrtps.meta'
[1.084s] Level 1:colcon.colcon_core.package_discovery:discover_packages(recursive) check parameters
[1.084s] Level 1:colcon.colcon_core.package_discovery:discover_packages(ignore) check parameters
[1.084s] Level 1:colcon.colcon_core.package_discovery:discover_packages(path) check parameters
[1.085s] Level 1:colcon.colcon_core.package_discovery:discover_packages(colcon_meta) discover
[1.086s] Level 1:colcon.colcon_core.package_discovery:discover_packages(recursive) discover
[1.086s] INFO:colcon.colcon_core.package_discovery:Crawling recursively for packages in '/workspaces/IRS_Rover_ROS2_Workspace/rover_ws'
[1.088s] Level 1:colcon.colcon_core.package_identification:_identify(.) by extensions ['ignore', 'ignore_ament_install']
[1.088s] Level 1:colcon.colcon_core.package_identification:_identify(.) by extension 'ignore'
[1.089s] Level 1:colcon.colcon_core.package_identification:_identify(.) by extension 'ignore_ament_install'
[1.090s] Level 1:colcon.colcon_core.package_identification:_identify(.) by extensions ['colcon_pkg']
[1.091s] Level 1:colcon.colcon_core.package_identification:_identify(.) by extension 'colcon_pkg'
[1.092s] Level 1:colcon.colcon_core.package_identification:_identify(.) by extensions ['colcon_meta']
[1.092s] Level 1:colcon.colcon_core.package_identification:_identify(.) by extension 'colcon_meta'
[1.092s] Level 1:colcon.colcon_core.package_identification:_identify(.) by extensions ['ros']
[1.093s] Level 1:colcon.colcon_core.package_identification:_identify(.) by extension 'ros'
[1.135s] Level 1:colcon.colcon_core.package_identification:_identify(.) by extensions ['cmake', 'python']
[1.136s] Level 1:colcon.colcon_core.package_identification:_identify(.) by extension 'cmake'
[1.137s] Level 1:colcon.colcon_core.package_identification:_identify(.) by extension 'python'
[1.138s] Level 1:colcon.colcon_core.package_identification:_identify(.) by extensions ['python_setup_py']
[1.138s] Level 1:colcon.colcon_core.package_identification:_identify(.) by extension 'python_setup_py'
[1.141s] Level 1:colcon.colcon_core.package_identification:_identify(build) by extensions ['ignore', 'ignore_ament_install']
[1.142s] Level 1:colcon.colcon_core.package_identification:_identify(build) by extension 'ignore'
[1.142s] Level 1:colcon.colcon_core.package_identification:_identify(build) ignored
[1.145s] Level 1:colcon.colcon_core.package_identification:_identify(install) by extensions ['ignore', 'ignore_ament_install']
[1.145s] Level 1:colcon.colcon_core.package_identification:_identify(install) by extension 'ignore'
[1.146s] Level 1:colcon.colcon_core.package_identification:_identify(install) ignored
[1.150s] Level 1:colcon.colcon_core.package_identification:_identify(log) by extensions ['ignore', 'ignore_ament_install']
[1.151s] Level 1:colcon.colcon_core.package_identification:_identify(log) by extension 'ignore'
[1.153s] Level 1:colcon.colcon_core.package_identification:_identify(log) ignored
[1.155s] Level 1:colcon.colcon_core.package_identification:_identify(src) by extensions ['ignore', 'ignore_ament_install']
[1.156s] Level 1:colcon.colcon_core.package_identification:_identify(src) by extension 'ignore'
[1.158s] Level 1:colcon.colcon_core.package_identification:_identify(src) by extension 'ignore_ament_install'
[1.161s] Level 1:colcon.colcon_core.package_identification:_identify(src) by extensions ['colcon_pkg']
[1.162s] Level 1:colcon.colcon_core.package_identification:_identify(src) by extension 'colcon_pkg'
[1.164s] Level 1:colcon.colcon_core.package_identification:_identify(src) by extensions ['colcon_meta']
[1.165s] Level 1:colcon.colcon_core.package_identification:_identify(src) by extension 'colcon_meta'
[1.165s] Level 1:colcon.colcon_core.package_identification:_identify(src) by extensions ['ros']
[1.165s] Level 1:colcon.colcon_core.package_identification:_identify(src) by extension 'ros'
[1.170s] Level 1:colcon.colcon_core.package_identification:_identify(src) by extensions ['cmake', 'python']
[1.170s] Level 1:colcon.colcon_core.package_identification:_identify(src) by extension 'cmake'
[1.172s] Level 1:colcon.colcon_core.package_identification:_identify(src) by extension 'python'
[1.173s] Level 1:colcon.colcon_core.package_identification:_identify(src) by extensions ['python_setup_py']
[1.174s] Level 1:colcon.colcon_core.package_identification:_identify(src) by extension 'python_setup_py'
[1.177s] Level 1:colcon.colcon_core.package_identification:_identify(src/build) by extensions ['ignore', 'ignore_ament_install']
[1.177s] Level 1:colcon.colcon_core.package_identification:_identify(src/build) by extension 'ignore'
[1.180s] Level 1:colcon.colcon_core.package_identification:_identify(src/build) by extension 'ignore_ament_install'
[1.184s] Level 1:colcon.colcon_core.package_identification:_identify(src/build) by extensions ['colcon_pkg']
[1.185s] Level 1:colcon.colcon_core.package_identification:_identify(src/build) by extension 'colcon_pkg'
[1.187s] Level 1:colcon.colcon_core.package_identification:_identify(src/build) by extensions ['colcon_meta']
[1.187s] Level 1:colcon.colcon_core.package_identification:_identify(src/build) by extension 'colcon_meta'
[1.188s] Level 1:colcon.colcon_core.package_identification:_identify(src/build) by extensions ['ros']
[1.189s] Level 1:colcon.colcon_core.package_identification:_identify(src/build) by extension 'ros'
[1.192s] Level 1:colcon.colcon_core.package_identification:_identify(src/build) by extensions ['cmake', 'python']
[1.196s] Level 1:colcon.colcon_core.package_identification:_identify(src/build) by extension 'cmake'
[1.196s] Level 1:colcon.colcon_core.package_identification:_identify(src/build) by extension 'python'
[1.198s] Level 1:colcon.colcon_core.package_identification:_identify(src/build) by extensions ['python_setup_py']
[1.198s] Level 1:colcon.colcon_core.package_identification:_identify(src/build) by extension 'python_setup_py'
[1.202s] Level 1:colcon.colcon_core.package_identification:_identify(src/rover_control) by extensions ['ignore', 'ignore_ament_install']
[1.202s] Level 1:colcon.colcon_core.package_identification:_identify(src/rover_control) by extension 'ignore'
[1.203s] Level 1:colcon.colcon_core.package_identification:_identify(src/rover_control) by extension 'ignore_ament_install'
[1.205s] Level 1:colcon.colcon_core.package_identification:_identify(src/rover_control) by extensions ['colcon_pkg']
[1.208s] Level 1:colcon.colcon_core.package_identification:_identify(src/rover_control) by extension 'colcon_pkg'
[1.209s] Level 1:colcon.colcon_core.package_identification:_identify(src/rover_control) by extensions ['colcon_meta']
[1.210s] Level 1:colcon.colcon_core.package_identification:_identify(src/rover_control) by extension 'colcon_meta'
[1.211s] Level 1:colcon.colcon_core.package_identification:_identify(src/rover_control) by extensions ['ros']
[1.211s] Level 1:colcon.colcon_core.package_identification:_identify(src/rover_control) by extension 'ros'
[1.223s] DEBUG:colcon.colcon_core.package_identification:Package 'src/rover_control' with type 'ros.ament_python' and name 'rover_control'
[1.225s] Level 1:colcon.colcon_core.package_identification:_identify(src/rover_control_msgs) by extensions ['ignore', 'ignore_ament_install']
[1.226s] Level 1:colcon.colcon_core.package_identification:_identify(src/rover_control_msgs) by extension 'ignore'
[1.227s] Level 1:colcon.colcon_core.package_identification:_identify(src/rover_control_msgs) by extension 'ignore_ament_install'
[1.230s] Level 1:colcon.colcon_core.package_identification:_identify(src/rover_control_msgs) by extensions ['colcon_pkg']
[1.230s] Level 1:colcon.colcon_core.package_identification:_identify(src/rover_control_msgs) by extension 'colcon_pkg'
[1.231s] Level 1:colcon.colcon_core.package_identification:_identify(src/rover_control_msgs) by extensions ['colcon_meta']
[1.232s] Level 1:colcon.colcon_core.package_identification:_identify(src/rover_control_msgs) by extension 'colcon_meta'
[1.233s] Level 1:colcon.colcon_core.package_identification:_identify(src/rover_control_msgs) by extensions ['ros']
[1.233s] Level 1:colcon.colcon_core.package_identification:_identify(src/rover_control_msgs) by extension 'ros'
[1.236s] DEBUG:colcon.colcon_core.package_identification:Package 'src/rover_control_msgs' with type 'ros.ament_cmake' and name 'rover_control_msgs'
[1.238s] Level 1:colcon.colcon_core.package_identification:_identify(src/rover_lidar) by extensions ['ignore', 'ignore_ament_install']
[1.238s] Level 1:colcon.colcon_core.package_identification:_identify(src/rover_lidar) by extension 'ignore'
[1.239s] Level 1:colcon.colcon_core.package_identification:_identify(src/rover_lidar) by extension 'ignore_ament_install'
[1.240s] Level 1:colcon.colcon_core.package_identification:_identify(src/rover_lidar) by extensions ['colcon_pkg']
[1.241s] Level 1:colcon.colcon_core.package_identification:_identify(src/rover_lidar) by extension 'colcon_pkg'
[1.242s] Level 1:colcon.colcon_core.package_identification:_identify(src/rover_lidar) by extensions ['colcon_meta']
[1.242s] Level 1:colcon.colcon_core.package_identification:_identify(src/rover_lidar) by extension 'colcon_meta'
[1.243s] Level 1:colcon.colcon_core.package_identification:_identify(src/rover_lidar) by extensions ['ros']
[1.244s] Level 1:colcon.colcon_core.package_identification:_identify(src/rover_lidar) by extension 'ros'
[1.256s] DEBUG:colcon.colcon_core.package_identification:Package 'src/rover_lidar' with type 'ros.ament_python' and name 'rover_lidar'
[1.320s] Level 1:colcon.colcon_core.package_identification:_identify(src/rover_perception) by extensions ['ignore', 'ignore_ament_install']
[1.321s] Level 1:colcon.colcon_core.package_identification:_identify(src/rover_perception) by extension 'ignore'
[1.323s] Level 1:colcon.colcon_core.package_identification:_identify(src/rover_perception) by extension 'ignore_ament_install'
[1.325s] Level 1:colcon.colcon_core.package_identification:_identify(src/rover_perception) by extensions ['colcon_pkg']
[1.338s] Level 1:colcon.colcon_core.package_identification:_identify(src/rover_perception) by extension 'colcon_pkg'
[1.339s] Level 1:colcon.colcon_core.package_identification:_identify(src/rover_perception) by extensions ['colcon_meta']
[1.341s] Level 1:colcon.colcon_core.package_identification:_identify(src/rover_perception) by extension 'colcon_meta'
[1.342s] Level 1:colcon.colcon_core.package_identification:_identify(src/rover_perception) by extensions ['ros']
[1.343s] Level 1:colcon.colcon_core.package_identification:_identify(src/rover_perception) by extension 'ros'
[1.358s] DEBUG:colcon.colcon_core.package_identification:Package 'src/rover_perception' with type 'ros.ament_python' and name 'rover_perception'
[1.361s] Level 1:colcon.colcon_core.package_identification:_identify(src/rover_perception_msgs) by extensions ['ignore', 'ignore_ament_install']
[1.362s] Level 1:colcon.colcon_core.package_identification:_identify(src/rover_perception_msgs) by extension 'ignore'
[1.363s] Level 1:colcon.colcon_core.package_identification:_identify(src/rover_perception_msgs) by extension 'ignore_ament_install'
[1.365s] Level 1:colcon.colcon_core.package_identification:_identify(src/rover_perception_msgs) by extensions ['colcon_pkg']
[1.365s] Level 1:colcon.colcon_core.package_identification:_identify(src/rover_perception_msgs) by extension 'colcon_pkg'
[1.366s] Level 1:colcon.colcon_core.package_identification:_identify(src/rover_perception_msgs) by extensions ['colcon_meta']
[1.367s] Level 1:colcon.colcon_core.package_identification:_identify(src/rover_perception_msgs) by extension 'colcon_meta'
[1.367s] Level 1:colcon.colcon_core.package_identification:_identify(src/rover_perception_msgs) by extensions ['ros']
[1.368s] Level 1:colcon.colcon_core.package_identification:_identify(src/rover_perception_msgs) by extension 'ros'
[1.375s] DEBUG:colcon.colcon_core.package_identification:Package 'src/rover_perception_msgs' with type 'ros.ament_cmake' and name 'rover_perception_msgs'
[1.378s] Level 1:colcon.colcon_core.package_identification:_identify(src/rover_stereocam) by extensions ['ignore', 'ignore_ament_install']
[1.379s] Level 1:colcon.colcon_core.package_identification:_identify(src/rover_stereocam) by extension 'ignore'
[1.380s] Level 1:colcon.colcon_core.package_identification:_identify(src/rover_stereocam) by extension 'ignore_ament_install'
[1.381s] Level 1:colcon.colcon_core.package_identification:_identify(src/rover_stereocam) by extensions ['colcon_pkg']
[1.382s] Level 1:colcon.colcon_core.package_identification:_identify(src/rover_stereocam) by extension 'colcon_pkg'
[1.383s] Level 1:colcon.colcon_core.package_identification:_identify(src/rover_stereocam) by extensions ['colcon_meta']
[1.385s] Level 1:colcon.colcon_core.package_identification:_identify(src/rover_stereocam) by extension 'colcon_meta'
[1.385s] Level 1:colcon.colcon_core.package_identification:_identify(src/rover_stereocam) by extensions ['ros']
[1.386s] Level 1:colcon.colcon_core.package_identification:_identify(src/rover_stereocam) by extension 'ros'
[1.391s] Level 1:colcon.colcon_core.package_identification:_identify(src/rover_stereocam) by extensions ['cmake', 'python']
[1.392s] Level 1:colcon.colcon_core.package_identification:_identify(src/rover_stereocam) by extension 'cmake'
[1.394s] Level 1:colcon.colcon_core.package_identification:_identify(src/rover_stereocam) by extension 'python'
[1.396s] Level 1:colcon.colcon_core.package_identification:_identify(src/rover_stereocam) by extensions ['python_setup_py']
[1.396s] Level 1:colcon.colcon_core.package_identification:_identify(src/rover_stereocam) by extension 'python_setup_py'
[1.398s] Level 1:colcon.colcon_core.package_discovery:discover_packages(recursive) using defaults
[1.399s] Level 1:colcon.colcon_core.package_discovery:discover_packages(ignore) discover
[1.405s] Level 1:colcon.colcon_core.package_discovery:discover_packages(ignore) using defaults
[1.406s] Level 1:colcon.colcon_core.package_discovery:discover_packages(path) discover
[1.407s] Level 1:colcon.colcon_core.package_discovery:discover_packages(path) using defaults
[1.489s] Level 5:colcon.colcon_core.verb:set package 'rover_control' build argument 'cmake_args' from command line to 'None'
[1.489s] Level 5:colcon.colcon_core.verb:set package 'rover_control' build argument 'cmake_target' from command line to 'None'
[1.490s] Level 5:colcon.colcon_core.verb:set package 'rover_control' build argument 'cmake_target_skip_unavailable' from command line to 'False'
[1.491s] Level 5:colcon.colcon_core.verb:set package 'rover_control' build argument 'cmake_clean_cache' from command line to 'False'
[1.491s] Level 5:colcon.colcon_core.verb:set package 'rover_control' build argument 'cmake_clean_first' from command line to 'False'
[1.492s] Level 5:colcon.colcon_core.verb:set package 'rover_control' build argument 'cmake_force_configure' from command line to 'False'
[1.492s] Level 5:colcon.colcon_core.verb:set package 'rover_control' build argument 'ament_cmake_args' from command line to 'None'
[1.493s] Level 5:colcon.colcon_core.verb:set package 'rover_control' build argument 'catkin_cmake_args' from command line to 'None'
[1.493s] Level 5:colcon.colcon_core.verb:set package 'rover_control' build argument 'catkin_skip_building_tests' from command line to 'False'
[1.494s] DEBUG:colcon.colcon_core.verb:Building package 'rover_control' with the following arguments: {'ament_cmake_args': None, 'build_base': '/workspaces/IRS_Rover_ROS2_Workspace/rover_ws/build/rover_control', 'catkin_cmake_args': None, 'catkin_skip_building_tests': False, 'cmake_args': None, 'cmake_clean_cache': False, 'cmake_clean_first': False, 'cmake_force_configure': False, 'cmake_target': None, 'cmake_target_skip_unavailable': False, 'install_base': '/workspaces/IRS_Rover_ROS2_Workspace/rover_ws/install/rover_control', 'merge_install': False, 'path': '/workspaces/IRS_Rover_ROS2_Workspace/rover_ws/src/rover_control', 'symlink_install': False, 'test_result_base': None}
[1.496s] Level 5:colcon.colcon_core.verb:set package 'rover_control_msgs' build argument 'cmake_args' from command line to 'None'
[1.497s] Level 5:colcon.colcon_core.verb:set package 'rover_control_msgs' build argument 'cmake_target' from command line to 'None'
[1.497s] Level 5:colcon.colcon_core.verb:set package 'rover_control_msgs' build argument 'cmake_target_skip_unavailable' from command line to 'False'
[1.498s] Level 5:colcon.colcon_core.verb:set package 'rover_control_msgs' build argument 'cmake_clean_cache' from command line to 'False'
[1.499s] Level 5:colcon.colcon_core.verb:set package 'rover_control_msgs' build argument 'cmake_clean_first' from command line to 'False'
[1.500s] Level 5:colcon.colcon_core.verb:set package 'rover_control_msgs' build argument 'cmake_force_configure' from command line to 'False'
[1.501s] Level 5:colcon.colcon_core.verb:set package 'rover_control_msgs' build argument 'ament_cmake_args' from command line to 'None'
[1.501s] Level 5:colcon.colcon_core.verb:set package 'rover_control_msgs' build argument 'catkin_cmake_args' from command line to 'None'
[1.501s] Level 5:colcon.colcon_core.verb:set package 'rover_control_msgs' build argument 'catkin_skip_building_tests' from command line to 'False'
[1.502s] DEBUG:colcon.colcon_core.verb:Building package 'rover_control_msgs' with the following arguments: {'ament_cmake_args': None, 'build_base': '/workspaces/IRS_Rover_ROS2_Workspace/rover_ws/build/rover_control_msgs', 'catkin_cmake_args': None, 'catkin_skip_building_tests': False, 'cmake_args': None, 'cmake_clean_cache': False, 'cmake_clean_first': False, 'cmake_force_configure': False, 'cmake_target': None, 'cmake_target_skip_unavailable': False, 'install_base': '/workspaces/IRS_Rover_ROS2_Workspace/rover_ws/install/rover_control_msgs', 'merge_install': False, 'path': '/workspaces/IRS_Rover_ROS2_Workspace/rover_ws/src/rover_control_msgs', 'symlink_install': False, 'test_result_base': None}
[1.504s] Level 5:colcon.colcon_core.verb:set package 'rover_lidar' build argument 'cmake_args' from command line to 'None'
[1.505s] Level 5:colcon.colcon_core.verb:set package 'rover_lidar' build argument 'cmake_target' from command line to 'None'
[1.505s] Level 5:colcon.colcon_core.verb:set package 'rover_lidar' build argument 'cmake_target_skip_unavailable' from command line to 'False'
[1.506s] Level 5:colcon.colcon_core.verb:set package 'rover_lidar' build argument 'cmake_clean_cache' from command line to 'False'
[1.507s] Level 5:colcon.colcon_core.verb:set package 'rover_lidar' build argument 'cmake_clean_first' from command line to 'False'
[1.508s] Level 5:colcon.colcon_core.verb:set package 'rover_lidar' build argument 'cmake_force_configure' from command line to 'False'
[1.508s] Level 5:colcon.colcon_core.verb:set package 'rover_lidar' build argument 'ament_cmake_args' from command line to 'None'
[1.509s] Level 5:colcon.colcon_core.verb:set package 'rover_lidar' build argument 'catkin_cmake_args' from command line to 'None'
[1.510s] Level 5:colcon.colcon_core.verb:set package 'rover_lidar' build argument 'catkin_skip_building_tests' from command line to 'False'
[1.510s] DEBUG:colcon.colcon_core.verb:Building package 'rover_lidar' with the following arguments: {'ament_cmake_args': None, 'build_base': '/workspaces/IRS_Rover_ROS2_Workspace/rover_ws/build/rover_lidar', 'catkin_cmake_args': None, 'catkin_skip_building_tests': False, 'cmake_args': None, 'cmake_clean_cache': False, 'cmake_clean_first': False, 'cmake_force_configure': False, 'cmake_target': None, 'cmake_target_skip_unavailable': False, 'install_base': '/workspaces/IRS_Rover_ROS2_Workspace/rover_ws/install/rover_lidar', 'merge_install': False, 'path': '/workspaces/IRS_Rover_ROS2_Workspace/rover_ws/src/rover_lidar', 'symlink_install': False, 'test_result_base': None}
[1.512s] Level 5:colcon.colcon_core.verb:set package 'rover_perception_msgs' build argument 'cmake_args' from command line to 'None'
[1.513s] Level 5:colcon.colcon_core.verb:set package 'rover_perception_msgs' build argument 'cmake_target' from command line to 'None'
[1.514s] Level 5:colcon.colcon_core.verb:set package 'rover_perception_msgs' build argument 'cmake_target_skip_unavailable' from command line to 'False'
[1.514s] Level 5:colcon.colcon_core.verb:set package 'rover_perception_msgs' build argument 'cmake_clean_cache' from command line to 'False'
[1.516s] Level 5:colcon.colcon_core.verb:set package 'rover_perception_msgs' build argument 'cmake_clean_first' from command line to 'False'
[1.516s] Level 5:colcon.colcon_core.verb:set package 'rover_perception_msgs' build argument 'cmake_force_configure' from command line to 'False'
[1.517s] Level 5:colcon.colcon_core.verb:set package 'rover_perception_msgs' build argument 'ament_cmake_args' from command line to 'None'
[1.517s] Level 5:colcon.colcon_core.verb:set package 'rover_perception_msgs' build argument 'catkin_cmake_args' from command line to 'None'
[1.518s] Level 5:colcon.colcon_core.verb:set package 'rover_perception_msgs' build argument 'catkin_skip_building_tests' from command line to 'False'
[1.519s] DEBUG:colcon.colcon_core.verb:Building package 'rover_perception_msgs' with the following arguments: {'ament_cmake_args': None, 'build_base': '/workspaces/IRS_Rover_ROS2_Workspace/rover_ws/build/rover_perception_msgs', 'catkin_cmake_args': None, 'catkin_skip_building_tests': False, 'cmake_args': None, 'cmake_clean_cache': False, 'cmake_clean_first': False, 'cmake_force_configure': False, 'cmake_target': None, 'cmake_target_skip_unavailable': False, 'install_base': '/workspaces/IRS_Rover_ROS2_Workspace/rover_ws/install/rover_perception_msgs', 'merge_install': False, 'path': '/workspaces/IRS_Rover_ROS2_Workspace/rover_ws/src/rover_perception_msgs', 'symlink_install': False, 'test_result_base': None}
[1.521s] Level 5:colcon.colcon_core.verb:set package 'rover_perception' build argument 'cmake_args' from command line to 'None'
[1.522s] Level 5:colcon.colcon_core.verb:set package 'rover_perception' build argument 'cmake_target' from command line to 'None'
[1.522s] Level 5:colcon.colcon_core.verb:set package 'rover_perception' build argument 'cmake_target_skip_unavailable' from command line to 'False'
[1.523s] Level 5:colcon.colcon_core.verb:set package 'rover_perception' build argument 'cmake_clean_cache' from command line to 'False'
[1.524s] Level 5:colcon.colcon_core.verb:set package 'rover_perception' build argument 'cmake_clean_first' from command line to 'False'
[1.525s] Level 5:colcon.colcon_core.verb:set package 'rover_perception' build argument 'cmake_force_configure' from command line to 'False'
[1.526s] Level 5:colcon.colcon_core.verb:set package 'rover_perception' build argument 'ament_cmake_args' from command line to 'None'
[1.526s] Level 5:colcon.colcon_core.verb:set package 'rover_perception' build argument 'catkin_cmake_args' from command line to 'None'
[1.527s] Level 5:colcon.colcon_core.verb:set package 'rover_perception' build argument 'catkin_skip_building_tests' from command line to 'False'
[1.527s] DEBUG:colcon.colcon_core.verb:Building package 'rover_perception' with the following arguments: {'ament_cmake_args': None, 'build_base': '/workspaces/IRS_Rover_ROS2_Workspace/rover_ws/build/rover_perception', 'catkin_cmake_args': None, 'catkin_skip_building_tests': False, 'cmake_args': None, 'cmake_clean_cache': False, 'cmake_clean_first': False, 'cmake_force_configure': False, 'cmake_target': None, 'cmake_target_skip_unavailable': False, 'install_base': '/workspaces/IRS_Rover_ROS2_Workspace/rover_ws/install/rover_perception', 'merge_install': False, 'path': '/workspaces/IRS_Rover_ROS2_Workspace/rover_ws/src/rover_perception', 'symlink_install': False, 'test_result_base': None}
[1.528s] INFO:colcon.colcon_core.executor:Executing jobs using 'parallel' executor
[1.534s] DEBUG:colcon.colcon_parallel_executor.executor.parallel:run_until_complete
[1.535s] INFO:colcon.colcon_ros.task.ament_python.build:Building ROS package in '/workspaces/IRS_Rover_ROS2_Workspace/rover_ws/src/rover_lidar' with build type 'ament_python'
[1.537s] Level 1:colcon.colcon_core.shell:create_environment_hook('rover_lidar', 'ament_prefix_path')
[1.550s] INFO:colcon.colcon_core.plugin_system:Skipping extension 'colcon_core.shell.bat': Not used on non-Windows systems
[1.551s] INFO:colcon.colcon_core.shell:Creating environment hook '/workspaces/IRS_Rover_ROS2_Workspace/rover_ws/install/rover_lidar/share/rover_lidar/hook/ament_prefix_path.ps1'
[1.560s] INFO:colcon.colcon_core.shell:Creating environment descriptor '/workspaces/IRS_Rover_ROS2_Workspace/rover_ws/install/rover_lidar/share/rover_lidar/hook/ament_prefix_path.dsv'
[1.565s] INFO:colcon.colcon_core.shell:Creating environment hook '/workspaces/IRS_Rover_ROS2_Workspace/rover_ws/install/rover_lidar/share/rover_lidar/hook/ament_prefix_path.sh'
[1.571s] INFO:colcon.colcon_core.shell:Skip shell extension 'powershell' for command environment: Not usable outside of PowerShell
[1.572s] DEBUG:colcon.colcon_core.shell:Skip shell extension 'dsv' for command environment
[1.625s] INFO:colcon.colcon_ros.task.ament_cmake.build:Building ROS package in '/workspaces/IRS_Rover_ROS2_Workspace/rover_ws/src/rover_perception_msgs' with build type 'ament_cmake'
[1.626s] INFO:colcon.colcon_cmake.task.cmake.build:Building CMake package in '/workspaces/IRS_Rover_ROS2_Workspace/rover_ws/src/rover_perception_msgs'
[1.627s] INFO:colcon.colcon_core.shell:Skip shell extension 'powershell' for command environment: Not usable outside of PowerShell
[1.628s] DEBUG:colcon.colcon_core.shell:Skip shell extension 'dsv' for command environment
[1.677s] INFO:colcon.colcon_ros.task.ament_python.build:Building ROS package in '/workspaces/IRS_Rover_ROS2_Workspace/rover_ws/src/rover_control' with build type 'ament_python'
[1.678s] Level 1:colcon.colcon_core.shell:create_environment_hook('rover_control', 'ament_prefix_path')
[1.679s] INFO:colcon.colcon_core.shell:Creating environment hook '/workspaces/IRS_Rover_ROS2_Workspace/rover_ws/install/rover_control/share/rover_control/hook/ament_prefix_path.ps1'
[1.683s] INFO:colcon.colcon_core.shell:Creating environment descriptor '/workspaces/IRS_Rover_ROS2_Workspace/rover_ws/install/rover_control/share/rover_control/hook/ament_prefix_path.dsv'
[1.686s] INFO:colcon.colcon_core.shell:Creating environment hook '/workspaces/IRS_Rover_ROS2_Workspace/rover_ws/install/rover_control/share/rover_control/hook/ament_prefix_path.sh'
[1.692s] INFO:colcon.colcon_core.shell:Skip shell extension 'powershell' for command environment: Not usable outside of PowerShell
[1.693s] DEBUG:colcon.colcon_core.shell:Skip shell extension 'dsv' for command environment
[1.740s] INFO:colcon.colcon_ros.task.ament_cmake.build:Building ROS package in '/workspaces/IRS_Rover_ROS2_Workspace/rover_ws/src/rover_control_msgs' with build type 'ament_cmake'
[1.741s] INFO:colcon.colcon_cmake.task.cmake.build:Building CMake package in '/workspaces/IRS_Rover_ROS2_Workspace/rover_ws/src/rover_control_msgs'
[1.743s] INFO:colcon.colcon_core.shell:Skip shell extension 'powershell' for command environment: Not usable outside of PowerShell
[1.744s] DEBUG:colcon.colcon_core.shell:Skip shell extension 'dsv' for command environment
[2.651s] INFO:colcon.colcon_core.task.python.build:Building Python package in '/workspaces/IRS_Rover_ROS2_Workspace/rover_ws/src/rover_lidar'
[2.652s] INFO:colcon.colcon_core.shell:Skip shell extension 'powershell' for command environment: Not usable outside of PowerShell
[2.652s] DEBUG:colcon.colcon_core.shell:Skip shell extension 'dsv' for command environment
[2.705s] DEBUG:colcon.colcon_core.event_handler.log_command:Invoking command in '/workspaces/IRS_Rover_ROS2_Workspace/rover_ws/build/rover_perception_msgs': CMAKE_PREFIX_PATH=${CMAKE_PREFIX_PATH}:/workspaces/IRS_Rover_ROS2_Workspace/install/rover_perception:/workspaces/IRS_Rover_ROS2_Workspace/install/rover_lidar:/workspaces/IRS_Rover_ROS2_Workspace/install/rover_control:/opt/ros/humble /usr/bin/cmake --build /workspaces/IRS_Rover_ROS2_Workspace/rover_ws/build/rover_perception_msgs -- -j12 -l12
[3.611s] INFO:colcon.colcon_core.task.python.build:Building Python package in '/workspaces/IRS_Rover_ROS2_Workspace/rover_ws/src/rover_control'
[3.612s] INFO:colcon.colcon_core.shell:Skip shell extension 'powershell' for command environment: Not usable outside of PowerShell
[3.612s] DEBUG:colcon.colcon_core.shell:Skip shell extension 'dsv' for command environment
[3.738s] DEBUG:colcon.colcon_core.event_handler.log_command:Invoking command in '/workspaces/IRS_Rover_ROS2_Workspace/rover_ws/build/rover_control_msgs': CMAKE_PREFIX_PATH=${CMAKE_PREFIX_PATH}:/workspaces/IRS_Rover_ROS2_Workspace/install/rover_perception:/workspaces/IRS_Rover_ROS2_Workspace/install/rover_lidar:/workspaces/IRS_Rover_ROS2_Workspace/install/rover_control:/opt/ros/humble /usr/bin/cmake --build /workspaces/IRS_Rover_ROS2_Workspace/rover_ws/build/rover_control_msgs -- -j12 -l12
[4.849s] DEBUG:colcon.colcon_core.event_handler.log_command:Invoking command in '/workspaces/IRS_Rover_ROS2_Workspace/rover_ws/src/rover_lidar': PYTHONPATH=/workspaces/IRS_Rover_ROS2_Workspace/rover_ws/build/rover_lidar/prefix_override:/usr/lib/python3/dist-packages/colcon_core/task/python/colcon_distutils_commands:/workspaces/IRS_Rover_ROS2_Workspace/rover_ws/install/rover_lidar/lib/python3.10/site-packages:${PYTHONPATH} /usr/bin/python3 -W ignore:setup.py install is deprecated -W ignore:easy_install command is deprecated setup.py egg_info --egg-base ../../build/rover_lidar build --build-base /workspaces/IRS_Rover_ROS2_Workspace/rover_ws/build/rover_lidar/build install --record /workspaces/IRS_Rover_ROS2_Workspace/rover_ws/build/rover_lidar/install.log --single-version-externally-managed install_data
[4.923s] DEBUG:colcon.colcon_core.event_handler.log_command:Invoking command in '/workspaces/IRS_Rover_ROS2_Workspace/rover_ws/src/rover_control': PYTHONPATH=/workspaces/IRS_Rover_ROS2_Workspace/rover_ws/build/rover_control/prefix_override:/usr/lib/python3/dist-packages/colcon_core/task/python/colcon_distutils_commands:/workspaces/IRS_Rover_ROS2_Workspace/rover_ws/install/rover_control/lib/python3.10/site-packages:${PYTHONPATH} /usr/bin/python3 -W ignore:setup.py install is deprecated -W ignore:easy_install command is deprecated setup.py egg_info --egg-base ../../build/rover_control build --build-base /workspaces/IRS_Rover_ROS2_Workspace/rover_ws/build/rover_control/build install --record /workspaces/IRS_Rover_ROS2_Workspace/rover_ws/build/rover_control/install.log --single-version-externally-managed install_data
[6.024s] DEBUG:colcon.colcon_core.event_handler.log_command:Invoked command in '/workspaces/IRS_Rover_ROS2_Workspace/rover_ws/src/rover_lidar' returned '0': PYTHONPATH=/workspaces/IRS_Rover_ROS2_Workspace/rover_ws/build/rover_lidar/prefix_override:/usr/lib/python3/dist-packages/colcon_core/task/python/colcon_distutils_commands:/workspaces/IRS_Rover_ROS2_Workspace/rover_ws/install/rover_lidar/lib/python3.10/site-packages:${PYTHONPATH} /usr/bin/python3 -W ignore:setup.py install is deprecated -W ignore:easy_install command is deprecated setup.py egg_info --egg-base ../../build/rover_lidar build --build-base /workspaces/IRS_Rover_ROS2_Workspace/rover_ws/build/rover_lidar/build install --record /workspaces/IRS_Rover_ROS2_Workspace/rover_ws/build/rover_lidar/install.log --single-version-externally-managed install_data
[6.030s] Level 1:colcon.colcon_core.environment:checking '/workspaces/IRS_Rover_ROS2_Workspace/rover_ws/install/rover_lidar' for CMake module files
[6.042s] Level 1:colcon.colcon_core.environment:checking '/workspaces/IRS_Rover_ROS2_Workspace/rover_ws/install/rover_lidar' for CMake config files
[6.068s] Level 1:colcon.colcon_core.environment:checking '/workspaces/IRS_Rover_ROS2_Workspace/rover_ws/install/rover_lidar/lib'
[6.070s] Level 1:colcon.colcon_core.environment:checking '/workspaces/IRS_Rover_ROS2_Workspace/rover_ws/install/rover_lidar/bin'
[6.071s] Level 1:colcon.colcon_core.environment:checking '/workspaces/IRS_Rover_ROS2_Workspace/rover_ws/install/rover_lidar/lib/pkgconfig/rover_lidar.pc'
[6.072s] Level 1:colcon.colcon_core.environment:checking '/workspaces/IRS_Rover_ROS2_Workspace/rover_ws/install/rover_lidar/lib/python3.10/site-packages'
[6.073s] Level 1:colcon.colcon_core.shell:create_environment_hook('rover_lidar', 'pythonpath')
[6.074s] INFO:colcon.colcon_core.shell:Creating environment hook '/workspaces/IRS_Rover_ROS2_Workspace/rover_ws/install/rover_lidar/share/rover_lidar/hook/pythonpath.ps1'
[6.078s] INFO:colcon.colcon_core.shell:Creating environment descriptor '/workspaces/IRS_Rover_ROS2_Workspace/rover_ws/install/rover_lidar/share/rover_lidar/hook/pythonpath.dsv'
[6.081s] INFO:colcon.colcon_core.shell:Creating environment hook '/workspaces/IRS_Rover_ROS2_Workspace/rover_ws/install/rover_lidar/share/rover_lidar/hook/pythonpath.sh'
[6.085s] Level 1:colcon.colcon_core.environment:checking '/workspaces/IRS_Rover_ROS2_Workspace/rover_ws/install/rover_lidar/bin'
[6.086s] Level 1:colcon.colcon_core.environment:create_environment_scripts_only(rover_lidar)
[6.087s] INFO:colcon.colcon_core.shell:Creating package script '/workspaces/IRS_Rover_ROS2_Workspace/rover_ws/install/rover_lidar/share/rover_lidar/package.ps1'
[6.093s] INFO:colcon.colcon_core.shell:Creating package descriptor '/workspaces/IRS_Rover_ROS2_Workspace/rover_ws/install/rover_lidar/share/rover_lidar/package.dsv'
[6.096s] INFO:colcon.colcon_core.shell:Creating package script '/workspaces/IRS_Rover_ROS2_Workspace/rover_ws/install/rover_lidar/share/rover_lidar/package.sh'
[6.101s] INFO:colcon.colcon_core.shell:Creating package script '/workspaces/IRS_Rover_ROS2_Workspace/rover_ws/install/rover_lidar/share/rover_lidar/package.bash'
[6.107s] INFO:colcon.colcon_core.shell:Creating package script '/workspaces/IRS_Rover_ROS2_Workspace/rover_ws/install/rover_lidar/share/rover_lidar/package.zsh'
[6.113s] Level 1:colcon.colcon_core.environment:create_file_with_runtime_dependencies(/workspaces/IRS_Rover_ROS2_Workspace/rover_ws/install/rover_lidar/share/colcon-core/packages/rover_lidar)
[6.189s] Level 1:colcon.colcon_core.environment:checking '/workspaces/IRS_Rover_ROS2_Workspace/rover_ws/install/rover_control' for CMake module files
[6.198s] DEBUG:colcon.colcon_core.event_handler.log_command:Invoked command in '/workspaces/IRS_Rover_ROS2_Workspace/rover_ws/src/rover_control' returned '0': PYTHONPATH=/workspaces/IRS_Rover_ROS2_Workspace/rover_ws/build/rover_control/prefix_override:/usr/lib/python3/dist-packages/colcon_core/task/python/colcon_distutils_commands:/workspaces/IRS_Rover_ROS2_Workspace/rover_ws/install/rover_control/lib/python3.10/site-packages:${PYTHONPATH} /usr/bin/python3 -W ignore:setup.py install is deprecated -W ignore:easy_install command is deprecated setup.py egg_info --egg-base ../../build/rover_control build --build-base /workspaces/IRS_Rover_ROS2_Workspace/rover_ws/build/rover_control/build install --record /workspaces/IRS_Rover_ROS2_Workspace/rover_ws/build/rover_control/install.log --single-version-externally-managed install_data
[6.204s] Level 1:colcon.colcon_core.environment:checking '/workspaces/IRS_Rover_ROS2_Workspace/rover_ws/install/rover_control' for CMake config files
[6.234s] Level 1:colcon.colcon_core.environment:checking '/workspaces/IRS_Rover_ROS2_Workspace/rover_ws/install/rover_control/lib'
[6.237s] Level 1:colcon.colcon_core.environment:checking '/workspaces/IRS_Rover_ROS2_Workspace/rover_ws/install/rover_control/bin'
[6.239s] Level 1:colcon.colcon_core.environment:checking '/workspaces/IRS_Rover_ROS2_Workspace/rover_ws/install/rover_control/lib/pkgconfig/rover_control.pc'
[6.240s] Level 1:colcon.colcon_core.environment:checking '/workspaces/IRS_Rover_ROS2_Workspace/rover_ws/install/rover_control/lib/python3.10/site-packages'
[6.241s] Level 1:colcon.colcon_core.shell:create_environment_hook('rover_control', 'pythonpath')
[6.244s] INFO:colcon.colcon_core.shell:Creating environment hook '/workspaces/IRS_Rover_ROS2_Workspace/rover_ws/install/rover_control/share/rover_control/hook/pythonpath.ps1'
[6.249s] INFO:colcon.colcon_core.shell:Creating environment descriptor '/workspaces/IRS_Rover_ROS2_Workspace/rover_ws/install/rover_control/share/rover_control/hook/pythonpath.dsv'
[6.256s] INFO:colcon.colcon_core.shell:Creating environment hook '/workspaces/IRS_Rover_ROS2_Workspace/rover_ws/install/rover_control/share/rover_control/hook/pythonpath.sh'
[6.262s] Level 1:colcon.colcon_core.environment:checking '/workspaces/IRS_Rover_ROS2_Workspace/rover_ws/install/rover_control/bin'
[6.263s] Level 1:colcon.colcon_core.environment:create_environment_scripts_only(rover_control)
[6.265s] INFO:colcon.colcon_core.shell:Creating package script '/workspaces/IRS_Rover_ROS2_Workspace/rover_ws/install/rover_control/share/rover_control/package.ps1'
[6.272s] INFO:colcon.colcon_core.shell:Creating package descriptor '/workspaces/IRS_Rover_ROS2_Workspace/rover_ws/install/rover_control/share/rover_control/package.dsv'
[6.277s] INFO:colcon.colcon_core.shell:Creating package script '/workspaces/IRS_Rover_ROS2_Workspace/rover_ws/install/rover_control/share/rover_control/package.sh'
[6.282s] INFO:colcon.colcon_core.shell:Creating package script '/workspaces/IRS_Rover_ROS2_Workspace/rover_ws/install/rover_control/share/rover_control/package.bash'
[6.288s] INFO:colcon.colcon_core.shell:Creating package script '/workspaces/IRS_Rover_ROS2_Workspace/rover_ws/install/rover_control/share/rover_control/package.zsh'
[6.294s] Level 1:colcon.colcon_core.environment:create_file_with_runtime_dependencies(/workspaces/IRS_Rover_ROS2_Workspace/rover_ws/install/rover_control/share/colcon-core/packages/rover_control)
[6.562s] DEBUG:colcon.colcon_core.event_handler.log_command:Invoked command in '/workspaces/IRS_Rover_ROS2_Workspace/rover_ws/build/rover_perception_msgs' returned '0': CMAKE_PREFIX_PATH=${CMAKE_PREFIX_PATH}:/workspaces/IRS_Rover_ROS2_Workspace/install/rover_perception:/workspaces/IRS_Rover_ROS2_Workspace/install/rover_lidar:/workspaces/IRS_Rover_ROS2_Workspace/install/rover_control:/opt/ros/humble /usr/bin/cmake --build /workspaces/IRS_Rover_ROS2_Workspace/rover_ws/build/rover_perception_msgs -- -j12 -l12
[6.656s] DEBUG:colcon.colcon_core.event_handler.log_command:Invoking command in '/workspaces/IRS_Rover_ROS2_Workspace/rover_ws/build/rover_perception_msgs': CMAKE_PREFIX_PATH=${CMAKE_PREFIX_PATH}:/workspaces/IRS_Rover_ROS2_Workspace/install/rover_perception:/workspaces/IRS_Rover_ROS2_Workspace/install/rover_lidar:/workspaces/IRS_Rover_ROS2_Workspace/install/rover_control:/opt/ros/humble /usr/bin/cmake --install /workspaces/IRS_Rover_ROS2_Workspace/rover_ws/build/rover_perception_msgs
[7.436s] DEBUG:colcon.colcon_core.event_handler.log_command:Invoked command in '/workspaces/IRS_Rover_ROS2_Workspace/rover_ws/build/rover_control_msgs' returned '0': CMAKE_PREFIX_PATH=${CMAKE_PREFIX_PATH}:/workspaces/IRS_Rover_ROS2_Workspace/install/rover_perception:/workspaces/IRS_Rover_ROS2_Workspace/install/rover_lidar:/workspaces/IRS_Rover_ROS2_Workspace/install/rover_control:/opt/ros/humble /usr/bin/cmake --build /workspaces/IRS_Rover_ROS2_Workspace/rover_ws/build/rover_control_msgs -- -j12 -l12
[7.448s] DEBUG:colcon.colcon_core.event_handler.log_command:Invoking command in '/workspaces/IRS_Rover_ROS2_Workspace/rover_ws/build/rover_control_msgs': CMAKE_PREFIX_PATH=${CMAKE_PREFIX_PATH}:/workspaces/IRS_Rover_ROS2_Workspace/install/rover_perception:/workspaces/IRS_Rover_ROS2_Workspace/install/rover_lidar:/workspaces/IRS_Rover_ROS2_Workspace/install/rover_control:/opt/ros/humble /usr/bin/cmake --install /workspaces/IRS_Rover_ROS2_Workspace/rover_ws/build/rover_control_msgs
[7.481s] Level 1:colcon.colcon_core.environment:create_environment_scripts_only(rover_perception_msgs)
[7.482s] Level 1:colcon.colcon_core.environment:checking '/workspaces/IRS_Rover_ROS2_Workspace/rover_ws/install/rover_perception_msgs' for CMake module files
[7.498s] DEBUG:colcon.colcon_core.event_handler.log_command:Invoked command in '/workspaces/IRS_Rover_ROS2_Workspace/rover_ws/build/rover_perception_msgs' returned '0': CMAKE_PREFIX_PATH=${CMAKE_PREFIX_PATH}:/workspaces/IRS_Rover_ROS2_Workspace/install/rover_perception:/workspaces/IRS_Rover_ROS2_Workspace/install/rover_lidar:/workspaces/IRS_Rover_ROS2_Workspace/install/rover_control:/opt/ros/humble /usr/bin/cmake --install /workspaces/IRS_Rover_ROS2_Workspace/rover_ws/build/rover_perception_msgs
[7.503s] Level 1:colcon.colcon_core.environment:checking '/workspaces/IRS_Rover_ROS2_Workspace/rover_ws/install/rover_perception_msgs' for CMake config files
[7.541s] Level 1:colcon.colcon_core.shell:create_environment_hook('rover_perception_msgs', 'cmake_prefix_path')
[7.543s] INFO:colcon.colcon_core.shell:Creating environment hook '/workspaces/IRS_Rover_ROS2_Workspace/rover_ws/install/rover_perception_msgs/share/rover_perception_msgs/hook/cmake_prefix_path.ps1'
[7.548s] INFO:colcon.colcon_core.shell:Creating environment descriptor '/workspaces/IRS_Rover_ROS2_Workspace/rover_ws/install/rover_perception_msgs/share/rover_perception_msgs/hook/cmake_prefix_path.dsv'
[7.552s] INFO:colcon.colcon_core.shell:Creating environment hook '/workspaces/IRS_Rover_ROS2_Workspace/rover_ws/install/rover_perception_msgs/share/rover_perception_msgs/hook/cmake_prefix_path.sh'
[7.559s] Level 1:colcon.colcon_core.environment:checking '/workspaces/IRS_Rover_ROS2_Workspace/rover_ws/install/rover_perception_msgs/lib'
[7.563s] Level 1:colcon.colcon_core.shell:create_environment_hook('rover_perception_msgs', 'ld_library_path_lib')
[7.565s] INFO:colcon.colcon_core.shell:Creating environment hook '/workspaces/IRS_Rover_ROS2_Workspace/rover_ws/install/rover_perception_msgs/share/rover_perception_msgs/hook/ld_library_path_lib.ps1'
[7.571s] INFO:colcon.colcon_core.shell:Creating environment descriptor '/workspaces/IRS_Rover_ROS2_Workspace/rover_ws/install/rover_perception_msgs/share/rover_perception_msgs/hook/ld_library_path_lib.dsv'
[7.576s] INFO:colcon.colcon_core.shell:Creating environment hook '/workspaces/IRS_Rover_ROS2_Workspace/rover_ws/install/rover_perception_msgs/share/rover_perception_msgs/hook/ld_library_path_lib.sh'
[7.584s] Level 1:colcon.colcon_core.environment:checking '/workspaces/IRS_Rover_ROS2_Workspace/rover_ws/install/rover_perception_msgs/bin'
[7.585s] Level 1:colcon.colcon_core.environment:checking '/workspaces/IRS_Rover_ROS2_Workspace/rover_ws/install/rover_perception_msgs/lib/pkgconfig/rover_perception_msgs.pc'
[7.586s] Level 1:colcon.colcon_core.environment:checking '/workspaces/IRS_Rover_ROS2_Workspace/rover_ws/install/rover_perception_msgs/lib/python3.10/site-packages'
[7.588s] Level 1:colcon.colcon_core.environment:checking '/workspaces/IRS_Rover_ROS2_Workspace/rover_ws/install/rover_perception_msgs/bin'
[7.590s] INFO:colcon.colcon_core.shell:Creating package script '/workspaces/IRS_Rover_ROS2_Workspace/rover_ws/install/rover_perception_msgs/share/rover_perception_msgs/package.ps1'
[7.595s] INFO:colcon.colcon_core.shell:Creating package descriptor '/workspaces/IRS_Rover_ROS2_Workspace/rover_ws/install/rover_perception_msgs/share/rover_perception_msgs/package.dsv'
[7.599s] INFO:colcon.colcon_core.shell:Creating package script '/workspaces/IRS_Rover_ROS2_Workspace/rover_ws/install/rover_perception_msgs/share/rover_perception_msgs/package.sh'
[7.603s] INFO:colcon.colcon_core.shell:Creating package script '/workspaces/IRS_Rover_ROS2_Workspace/rover_ws/install/rover_perception_msgs/share/rover_perception_msgs/package.bash'
[7.607s] INFO:colcon.colcon_core.shell:Creating package script '/workspaces/IRS_Rover_ROS2_Workspace/rover_ws/install/rover_perception_msgs/share/rover_perception_msgs/package.zsh'
[7.612s] Level 1:colcon.colcon_core.environment:create_file_with_runtime_dependencies(/workspaces/IRS_Rover_ROS2_Workspace/rover_ws/install/rover_perception_msgs/share/colcon-core/packages/rover_perception_msgs)
[7.625s] Level 1:colcon.colcon_core.environment:create_environment_scripts_only(rover_perception_msgs)
[7.626s] Level 1:colcon.colcon_core.environment:checking '/workspaces/IRS_Rover_ROS2_Workspace/rover_ws/install/rover_perception_msgs' for CMake module files
[7.648s] Level 1:colcon.colcon_core.environment:checking '/workspaces/IRS_Rover_ROS2_Workspace/rover_ws/install/rover_perception_msgs' for CMake config files
[7.682s] Level 1:colcon.colcon_core.shell:create_environment_hook('rover_perception_msgs', 'cmake_prefix_path')
[7.683s] INFO:colcon.colcon_core.shell:Creating environment hook '/workspaces/IRS_Rover_ROS2_Workspace/rover_ws/install/rover_perception_msgs/share/rover_perception_msgs/hook/cmake_prefix_path.ps1'
[7.687s] INFO:colcon.colcon_core.shell:Creating environment descriptor '/workspaces/IRS_Rover_ROS2_Workspace/rover_ws/install/rover_perception_msgs/share/rover_perception_msgs/hook/cmake_prefix_path.dsv'
[7.691s] INFO:colcon.colcon_core.shell:Creating environment hook '/workspaces/IRS_Rover_ROS2_Workspace/rover_ws/install/rover_perception_msgs/share/rover_perception_msgs/hook/cmake_prefix_path.sh'
[7.697s] Level 1:colcon.colcon_core.environment:checking '/workspaces/IRS_Rover_ROS2_Workspace/rover_ws/install/rover_perception_msgs/lib'
[7.699s] Level 1:colcon.colcon_core.shell:create_environment_hook('rover_perception_msgs', 'ld_library_path_lib')
[7.701s] INFO:colcon.colcon_core.shell:Creating environment hook '/workspaces/IRS_Rover_ROS2_Workspace/rover_ws/install/rover_perception_msgs/share/rover_perception_msgs/hook/ld_library_path_lib.ps1'
[7.706s] INFO:colcon.colcon_core.shell:Creating environment descriptor '/workspaces/IRS_Rover_ROS2_Workspace/rover_ws/install/rover_perception_msgs/share/rover_perception_msgs/hook/ld_library_path_lib.dsv'
[7.709s] INFO:colcon.colcon_core.shell:Creating environment hook '/workspaces/IRS_Rover_ROS2_Workspace/rover_ws/install/rover_perception_msgs/share/rover_perception_msgs/hook/ld_library_path_lib.sh'
[7.713s] Level 1:colcon.colcon_core.environment:checking '/workspaces/IRS_Rover_ROS2_Workspace/rover_ws/install/rover_perception_msgs/bin'
[7.714s] Level 1:colcon.colcon_core.environment:checking '/workspaces/IRS_Rover_ROS2_Workspace/rover_ws/install/rover_perception_msgs/lib/pkgconfig/rover_perception_msgs.pc'
[7.715s] Level 1:colcon.colcon_core.environment:checking '/workspaces/IRS_Rover_ROS2_Workspace/rover_ws/install/rover_perception_msgs/lib/python3.10/site-packages'
[7.717s] Level 1:colcon.colcon_core.environment:checking '/workspaces/IRS_Rover_ROS2_Workspace/rover_ws/install/rover_perception_msgs/bin'
[7.718s] INFO:colcon.colcon_core.shell:Creating package script '/workspaces/IRS_Rover_ROS2_Workspace/rover_ws/install/rover_perception_msgs/share/rover_perception_msgs/package.ps1'
[7.725s] INFO:colcon.colcon_core.shell:Creating package descriptor '/workspaces/IRS_Rover_ROS2_Workspace/rover_ws/install/rover_perception_msgs/share/rover_perception_msgs/package.dsv'
[7.730s] INFO:colcon.colcon_core.shell:Creating package script '/workspaces/IRS_Rover_ROS2_Workspace/rover_ws/install/rover_perception_msgs/share/rover_perception_msgs/package.sh'
[7.737s] INFO:colcon.colcon_core.shell:Creating package script '/workspaces/IRS_Rover_ROS2_Workspace/rover_ws/install/rover_perception_msgs/share/rover_perception_msgs/package.bash'
[7.745s] INFO:colcon.colcon_core.shell:Creating package script '/workspaces/IRS_Rover_ROS2_Workspace/rover_ws/install/rover_perception_msgs/share/rover_perception_msgs/package.zsh'
[7.750s] Level 1:colcon.colcon_core.environment:create_file_with_runtime_dependencies(/workspaces/IRS_Rover_ROS2_Workspace/rover_ws/install/rover_perception_msgs/share/colcon-core/packages/rover_perception_msgs)
[7.753s] INFO:colcon.colcon_ros.task.ament_python.build:Building ROS package in '/workspaces/IRS_Rover_ROS2_Workspace/rover_ws/src/rover_perception' with build type 'ament_python'
[7.755s] Level 1:colcon.colcon_core.shell:create_environment_hook('rover_perception', 'ament_prefix_path')
[7.756s] INFO:colcon.colcon_core.shell:Creating environment hook '/workspaces/IRS_Rover_ROS2_Workspace/rover_ws/install/rover_perception/share/rover_perception/hook/ament_prefix_path.ps1'
[7.762s] INFO:colcon.colcon_core.shell:Creating environment descriptor '/workspaces/IRS_Rover_ROS2_Workspace/rover_ws/install/rover_perception/share/rover_perception/hook/ament_prefix_path.dsv'
[7.765s] INFO:colcon.colcon_core.shell:Creating environment hook '/workspaces/IRS_Rover_ROS2_Workspace/rover_ws/install/rover_perception/share/rover_perception/hook/ament_prefix_path.sh'
[7.770s] INFO:colcon.colcon_core.shell:Skip shell extension 'powershell' for command environment: Not usable outside of PowerShell
[7.771s] DEBUG:colcon.colcon_core.shell:Skip shell extension 'dsv' for command environment
[8.634s] INFO:colcon.colcon_core.task.python.build:Building Python package in '/workspaces/IRS_Rover_ROS2_Workspace/rover_ws/src/rover_perception'
[8.635s] INFO:colcon.colcon_core.shell:Skip shell extension 'powershell' for command environment: Not usable outside of PowerShell
[8.636s] DEBUG:colcon.colcon_core.shell:Skip shell extension 'dsv' for command environment
[8.665s] Level 1:colcon.colcon_core.environment:create_environment_scripts_only(rover_control_msgs)
[8.666s] Level 1:colcon.colcon_core.environment:checking '/workspaces/IRS_Rover_ROS2_Workspace/rover_ws/install/rover_control_msgs' for CMake module files
[8.668s] DEBUG:colcon.colcon_core.event_handler.log_command:Invoked command in '/workspaces/IRS_Rover_ROS2_Workspace/rover_ws/build/rover_control_msgs' returned '0': CMAKE_PREFIX_PATH=${CMAKE_PREFIX_PATH}:/workspaces/IRS_Rover_ROS2_Workspace/install/rover_perception:/workspaces/IRS_Rover_ROS2_Workspace/install/rover_lidar:/workspaces/IRS_Rover_ROS2_Workspace/install/rover_control:/opt/ros/humble /usr/bin/cmake --install /workspaces/IRS_Rover_ROS2_Workspace/rover_ws/build/rover_control_msgs
[8.681s] Level 1:colcon.colcon_core.environment:checking '/workspaces/IRS_Rover_ROS2_Workspace/rover_ws/install/rover_control_msgs' for CMake config files
[8.714s] Level 1:colcon.colcon_core.shell:create_environment_hook('rover_control_msgs', 'cmake_prefix_path')
[8.715s] INFO:colcon.colcon_core.shell:Creating environment hook '/workspaces/IRS_Rover_ROS2_Workspace/rover_ws/install/rover_control_msgs/share/rover_control_msgs/hook/cmake_prefix_path.ps1'
[8.718s] INFO:colcon.colcon_core.shell:Creating environment descriptor '/workspaces/IRS_Rover_ROS2_Workspace/rover_ws/install/rover_control_msgs/share/rover_control_msgs/hook/cmake_prefix_path.dsv'
[8.721s] INFO:colcon.colcon_core.shell:Creating environment hook '/workspaces/IRS_Rover_ROS2_Workspace/rover_ws/install/rover_control_msgs/share/rover_control_msgs/hook/cmake_prefix_path.sh'
[8.725s] Level 1:colcon.colcon_core.environment:checking '/workspaces/IRS_Rover_ROS2_Workspace/rover_ws/install/rover_control_msgs/lib'
[8.727s] Level 1:colcon.colcon_core.shell:create_environment_hook('rover_control_msgs', 'ld_library_path_lib')
[8.728s] INFO:colcon.colcon_core.shell:Creating environment hook '/workspaces/IRS_Rover_ROS2_Workspace/rover_ws/install/rover_control_msgs/share/rover_control_msgs/hook/ld_library_path_lib.ps1'
[8.731s] INFO:colcon.colcon_core.shell:Creating environment descriptor '/workspaces/IRS_Rover_ROS2_Workspace/rover_ws/install/rover_control_msgs/share/rover_control_msgs/hook/ld_library_path_lib.dsv'
[8.734s] INFO:colcon.colcon_core.shell:Creating environment hook '/workspaces/IRS_Rover_ROS2_Workspace/rover_ws/install/rover_control_msgs/share/rover_control_msgs/hook/ld_library_path_lib.sh'
[8.737s] Level 1:colcon.colcon_core.environment:checking '/workspaces/IRS_Rover_ROS2_Workspace/rover_ws/install/rover_control_msgs/bin'
[8.737s] Level 1:colcon.colcon_core.environment:checking '/workspaces/IRS_Rover_ROS2_Workspace/rover_ws/install/rover_control_msgs/lib/pkgconfig/rover_control_msgs.pc'
[8.738s] Level 1:colcon.colcon_core.environment:checking '/workspaces/IRS_Rover_ROS2_Workspace/rover_ws/install/rover_control_msgs/lib/python3.10/site-packages'
[8.740s] Level 1:colcon.colcon_core.environment:checking '/workspaces/IRS_Rover_ROS2_Workspace/rover_ws/install/rover_control_msgs/bin'
[8.741s] INFO:colcon.colcon_core.shell:Creating package script '/workspaces/IRS_Rover_ROS2_Workspace/rover_ws/install/rover_control_msgs/share/rover_control_msgs/package.ps1'
[8.745s] INFO:colcon.colcon_core.shell:Creating package descriptor '/workspaces/IRS_Rover_ROS2_Workspace/rover_ws/install/rover_control_msgs/share/rover_control_msgs/package.dsv'
[8.747s] INFO:colcon.colcon_core.shell:Creating package script '/workspaces/IRS_Rover_ROS2_Workspace/rover_ws/install/rover_control_msgs/share/rover_control_msgs/package.sh'
[8.750s] INFO:colcon.colcon_core.shell:Creating package script '/workspaces/IRS_Rover_ROS2_Workspace/rover_ws/install/rover_control_msgs/share/rover_control_msgs/package.bash'
[8.753s] INFO:colcon.colcon_core.shell:Creating package script '/workspaces/IRS_Rover_ROS2_Workspace/rover_ws/install/rover_control_msgs/share/rover_control_msgs/package.zsh'
[8.756s] Level 1:colcon.colcon_core.environment:create_file_with_runtime_dependencies(/workspaces/IRS_Rover_ROS2_Workspace/rover_ws/install/rover_control_msgs/share/colcon-core/packages/rover_control_msgs)
[8.762s] Level 1:colcon.colcon_core.environment:create_environment_scripts_only(rover_control_msgs)
[8.763s] Level 1:colcon.colcon_core.environment:checking '/workspaces/IRS_Rover_ROS2_Workspace/rover_ws/install/rover_control_msgs' for CMake module files
[8.775s] Level 1:colcon.colcon_core.environment:checking '/workspaces/IRS_Rover_ROS2_Workspace/rover_ws/install/rover_control_msgs' for CMake config files
[8.808s] Level 1:colcon.colcon_core.shell:create_environment_hook('rover_control_msgs', 'cmake_prefix_path')
[8.810s] INFO:colcon.colcon_core.shell:Creating environment hook '/workspaces/IRS_Rover_ROS2_Workspace/rover_ws/install/rover_control_msgs/share/rover_control_msgs/hook/cmake_prefix_path.ps1'
[8.814s] INFO:colcon.colcon_core.shell:Creating environment descriptor '/workspaces/IRS_Rover_ROS2_Workspace/rover_ws/install/rover_control_msgs/share/rover_control_msgs/hook/cmake_prefix_path.dsv'
[8.817s] INFO:colcon.colcon_core.shell:Creating environment hook '/workspaces/IRS_Rover_ROS2_Workspace/rover_ws/install/rover_control_msgs/share/rover_control_msgs/hook/cmake_prefix_path.sh'
[8.821s] Level 1:colcon.colcon_core.environment:checking '/workspaces/IRS_Rover_ROS2_Workspace/rover_ws/install/rover_control_msgs/lib'
[8.823s] Level 1:colcon.colcon_core.shell:create_environment_hook('rover_control_msgs', 'ld_library_path_lib')
[8.824s] INFO:colcon.colcon_core.shell:Creating environment hook '/workspaces/IRS_Rover_ROS2_Workspace/rover_ws/install/rover_control_msgs/share/rover_control_msgs/hook/ld_library_path_lib.ps1'
[8.827s] INFO:colcon.colcon_core.shell:Creating environment descriptor '/workspaces/IRS_Rover_ROS2_Workspace/rover_ws/install/rover_control_msgs/share/rover_control_msgs/hook/ld_library_path_lib.dsv'
[8.830s] INFO:colcon.colcon_core.shell:Creating environment hook '/workspaces/IRS_Rover_ROS2_Workspace/rover_ws/install/rover_control_msgs/share/rover_control_msgs/hook/ld_library_path_lib.sh'
[8.833s] Level 1:colcon.colcon_core.environment:checking '/workspaces/IRS_Rover_ROS2_Workspace/rover_ws/install/rover_control_msgs/bin'
[8.834s] Level 1:colcon.colcon_core.environment:checking '/workspaces/IRS_Rover_ROS2_Workspace/rover_ws/install/rover_control_msgs/lib/pkgconfig/rover_control_msgs.pc'
[8.836s] Level 1:colcon.colcon_core.environment:checking '/workspaces/IRS_Rover_ROS2_Workspace/rover_ws/install/rover_control_msgs/lib/python3.10/site-packages'
[8.837s] Level 1:colcon.colcon_core.environment:checking '/workspaces/IRS_Rover_ROS2_Workspace/rover_ws/install/rover_control_msgs/bin'
[8.838s] INFO:colcon.colcon_core.shell:Creating package script '/workspaces/IRS_Rover_ROS2_Workspace/rover_ws/install/rover_control_msgs/share/rover_control_msgs/package.ps1'
[8.842s] INFO:colcon.colcon_core.shell:Creating package descriptor '/workspaces/IRS_Rover_ROS2_Workspace/rover_ws/install/rover_control_msgs/share/rover_control_msgs/package.dsv'
[8.846s] INFO:colcon.colcon_core.shell:Creating package script '/workspaces/IRS_Rover_ROS2_Workspace/rover_ws/install/rover_control_msgs/share/rover_control_msgs/package.sh'
[8.850s] INFO:colcon.colcon_core.shell:Creating package script '/workspaces/IRS_Rover_ROS2_Workspace/rover_ws/install/rover_control_msgs/share/rover_control_msgs/package.bash'
[8.853s] INFO:colcon.colcon_core.shell:Creating package script '/workspaces/IRS_Rover_ROS2_Workspace/rover_ws/install/rover_control_msgs/share/rover_control_msgs/package.zsh'
[8.856s] Level 1:colcon.colcon_core.environment:create_file_with_runtime_dependencies(/workspaces/IRS_Rover_ROS2_Workspace/rover_ws/install/rover_control_msgs/share/colcon-core/packages/rover_control_msgs)
[9.847s] DEBUG:colcon.colcon_core.event_handler.log_command:Invoking command in '/workspaces/IRS_Rover_ROS2_Workspace/rover_ws/src/rover_perception': AMENT_PREFIX_PATH=/workspaces/IRS_Rover_ROS2_Workspace/rover_ws/install/rover_perception_msgs:/workspaces/IRS_Rover_ROS2_Workspace/rover_ws/install/rover_lidar:${AMENT_PREFIX_PATH} CMAKE_PREFIX_PATH=/workspaces/IRS_Rover_ROS2_Workspace/rover_ws/install/rover_perception_msgs:${CMAKE_PREFIX_PATH} LD_LIBRARY_PATH=/workspaces/IRS_Rover_ROS2_Workspace/rover_ws/install/rover_perception_msgs/lib:${LD_LIBRARY_PATH} PYTHONPATH=/workspaces/IRS_Rover_ROS2_Workspace/rover_ws/build/rover_perception/prefix_override:/usr/lib/python3/dist-packages/colcon_core/task/python/colcon_distutils_commands:/workspaces/IRS_Rover_ROS2_Workspace/rover_ws/install/rover_perception/lib/python3.10/site-packages:/workspaces/IRS_Rover_ROS2_Workspace/rover_ws/install/rover_perception_msgs/local/lib/python3.10/dist-packages:/workspaces/IRS_Rover_ROS2_Workspace/rover_ws/install/rover_lidar/lib/python3.10/site-packages:${PYTHONPATH} /usr/bin/python3 -W ignore:setup.py install is deprecated -W ignore:easy_install command is deprecated setup.py egg_info --egg-base ../../build/rover_perception build --build-base /workspaces/IRS_Rover_ROS2_Workspace/rover_ws/build/rover_perception/build install --record /workspaces/IRS_Rover_ROS2_Workspace/rover_ws/build/rover_perception/install.log --single-version-externally-managed install_data
[11.001s] Level 1:colcon.colcon_core.environment:checking '/workspaces/IRS_Rover_ROS2_Workspace/rover_ws/install/rover_perception' for CMake module files
[11.004s] DEBUG:colcon.colcon_core.event_handler.log_command:Invoked command in '/workspaces/IRS_Rover_ROS2_Workspace/rover_ws/src/rover_perception' returned '0': AMENT_PREFIX_PATH=/workspaces/IRS_Rover_ROS2_Workspace/rover_ws/install/rover_perception_msgs:/workspaces/IRS_Rover_ROS2_Workspace/rover_ws/install/rover_lidar:${AMENT_PREFIX_PATH} CMAKE_PREFIX_PATH=/workspaces/IRS_Rover_ROS2_Workspace/rover_ws/install/rover_perception_msgs:${CMAKE_PREFIX_PATH} LD_LIBRARY_PATH=/workspaces/IRS_Rover_ROS2_Workspace/rover_ws/install/rover_perception_msgs/lib:${LD_LIBRARY_PATH} PYTHONPATH=/workspaces/IRS_Rover_ROS2_Workspace/rover_ws/build/rover_perception/prefix_override:/usr/lib/python3/dist-packages/colcon_core/task/python/colcon_distutils_commands:/workspaces/IRS_Rover_ROS2_Workspace/rover_ws/install/rover_perception/lib/python3.10/site-packages:/workspaces/IRS_Rover_ROS2_Workspace/rover_ws/install/rover_perception_msgs/local/lib/python3.10/dist-packages:/workspaces/IRS_Rover_ROS2_Workspace/rover_ws/install/rover_lidar/lib/python3.10/site-packages:${PYTHONPATH} /usr/bin/python3 -W ignore:setup.py install is deprecated -W ignore:easy_install command is deprecated setup.py egg_info --egg-base ../../build/rover_perception build --build-base /workspaces/IRS_Rover_ROS2_Workspace/rover_ws/build/rover_perception/build install --record /workspaces/IRS_Rover_ROS2_Workspace/rover_ws/build/rover_perception/install.log --single-version-externally-managed install_data
[11.012s] Level 1:colcon.colcon_core.environment:checking '/workspaces/IRS_Rover_ROS2_Workspace/rover_ws/install/rover_perception' for CMake config files
[11.045s] Level 1:colcon.colcon_core.environment:checking '/workspaces/IRS_Rover_ROS2_Workspace/rover_ws/install/rover_perception/lib'
[11.048s] Level 1:colcon.colcon_core.environment:checking '/workspaces/IRS_Rover_ROS2_Workspace/rover_ws/install/rover_perception/bin'
[11.049s] Level 1:colcon.colcon_core.environment:checking '/workspaces/IRS_Rover_ROS2_Workspace/rover_ws/install/rover_perception/lib/pkgconfig/rover_perception.pc'
[11.051s] Level 1:colcon.colcon_core.environment:checking '/workspaces/IRS_Rover_ROS2_Workspace/rover_ws/install/rover_perception/lib/python3.10/site-packages'
[11.051s] Level 1:colcon.colcon_core.shell:create_environment_hook('rover_perception', 'pythonpath')
[11.052s] INFO:colcon.colcon_core.shell:Creating environment hook '/workspaces/IRS_Rover_ROS2_Workspace/rover_ws/install/rover_perception/share/rover_perception/hook/pythonpath.ps1'
[11.056s] INFO:colcon.colcon_core.shell:Creating environment descriptor '/workspaces/IRS_Rover_ROS2_Workspace/rover_ws/install/rover_perception/share/rover_perception/hook/pythonpath.dsv'
[11.059s] INFO:colcon.colcon_core.shell:Creating environment hook '/workspaces/IRS_Rover_ROS2_Workspace/rover_ws/install/rover_perception/share/rover_perception/hook/pythonpath.sh'
[11.062s] Level 1:colcon.colcon_core.environment:checking '/workspaces/IRS_Rover_ROS2_Workspace/rover_ws/install/rover_perception/bin'
[11.064s] Level 1:colcon.colcon_core.environment:create_environment_scripts_only(rover_perception)
[11.067s] INFO:colcon.colcon_core.shell:Creating package script '/workspaces/IRS_Rover_ROS2_Workspace/rover_ws/install/rover_perception/share/rover_perception/package.ps1'
[11.071s] INFO:colcon.colcon_core.shell:Creating package descriptor '/workspaces/IRS_Rover_ROS2_Workspace/rover_ws/install/rover_perception/share/rover_perception/package.dsv'
[11.074s] INFO:colcon.colcon_core.shell:Creating package script '/workspaces/IRS_Rover_ROS2_Workspace/rover_ws/install/rover_perception/share/rover_perception/package.sh'
[11.134s] INFO:colcon.colcon_core.shell:Creating package script '/workspaces/IRS_Rover_ROS2_Workspace/rover_ws/install/rover_perception/share/rover_perception/package.bash'
[11.163s] INFO:colcon.colcon_core.shell:Creating package script '/workspaces/IRS_Rover_ROS2_Workspace/rover_ws/install/rover_perception/share/rover_perception/package.zsh'
[11.186s] Level 1:colcon.colcon_core.environment:create_file_with_runtime_dependencies(/workspaces/IRS_Rover_ROS2_Workspace/rover_ws/install/rover_perception/share/colcon-core/packages/rover_perception)
[11.190s] DEBUG:colcon.colcon_parallel_executor.executor.parallel:closing loop
[11.190s] DEBUG:colcon.colcon_parallel_executor.executor.parallel:loop closed
[11.191s] DEBUG:colcon.colcon_parallel_executor.executor.parallel:run_until_complete finished with '0'
[11.192s] DEBUG:colcon.colcon_core.event_reactor:joining thread
[11.231s] INFO:colcon.colcon_core.plugin_system:Skipping extension 'colcon_notification.desktop_notification.notify_send': Could not find 'notify-send'
[11.232s] INFO:colcon.colcon_core.plugin_system:Skipping extension 'colcon_notification.desktop_notification.terminal_notifier': Not used on non-Darwin systems
[11.232s] INFO:colcon.colcon_core.plugin_system:Skipping extension 'colcon_notification.desktop_notification.win32': Not used on non-Windows systems
[11.233s] INFO:colcon.colcon_notification.desktop_notification:Sending desktop notification using 'notify2'
[11.233s] DEBUG:colcon.colcon_notification.desktop_notification.notify2:Failed to initialize notify2: org.freedesktop.DBus.Error.NotSupported: Unable to autolaunch a dbus-daemon without a $DISPLAY for X11
[11.234s] DEBUG:colcon.colcon_core.event_reactor:joined thread
[11.235s] INFO:colcon.colcon_core.shell:Creating prefix script '/workspaces/IRS_Rover_ROS2_Workspace/rover_ws/install/local_setup.ps1'
[11.238s] INFO:colcon.colcon_core.shell:Creating prefix util module '/workspaces/IRS_Rover_ROS2_Workspace/rover_ws/install/_local_setup_util_ps1.py'
[11.246s] INFO:colcon.colcon_core.shell:Creating prefix chain script '/workspaces/IRS_Rover_ROS2_Workspace/rover_ws/install/setup.ps1'
[11.269s] INFO:colcon.colcon_core.shell:Creating prefix script '/workspaces/IRS_Rover_ROS2_Workspace/rover_ws/install/local_setup.sh'
[11.275s] INFO:colcon.colcon_core.shell:Creating prefix util module '/workspaces/IRS_Rover_ROS2_Workspace/rover_ws/install/_local_setup_util_sh.py'
[11.281s] INFO:colcon.colcon_core.shell:Creating prefix chain script '/workspaces/IRS_Rover_ROS2_Workspace/rover_ws/install/setup.sh'
[11.307s] INFO:colcon.colcon_core.shell:Creating prefix script '/workspaces/IRS_Rover_ROS2_Workspace/rover_ws/install/local_setup.bash'
[11.316s] INFO:colcon.colcon_core.shell:Creating prefix chain script '/workspaces/IRS_Rover_ROS2_Workspace/rover_ws/install/setup.bash'
[11.341s] INFO:colcon.colcon_core.shell:Creating prefix script '/workspaces/IRS_Rover_ROS2_Workspace/rover_ws/install/local_setup.zsh'
[11.347s] INFO:colcon.colcon_core.shell:Creating prefix chain script '/workspaces/IRS_Rover_ROS2_Workspace/rover_ws/install/setup.zsh'
