../Core/Src/herkulex.c:29:13:Herkulex_SendPacket	96	static
../Core/Src/herkulex.c:59:13:Herkulex_SendStat	16	static
../Core/Src/herkulex.c:64:13:Herkulex_FlushRx	8	static
../Core/Src/herkulex.c:71:17:Herkulex_ReadRaw	32	static
../Core/Src/herkulex.c:104:16:Herkulex_ValidateStatusReply	24	static
../Core/Src/herkulex.c:124:9:Herkulex_ReadStatus	48	static
../Core/Src/herkulex.c:142:9:Herkulex_QuickPing	32	static
../Core/Src/herkulex.c:160:6:Herkulex_SetLed	24	static
../Core/Src/herkulex.c:166:6:Herkulex_SetTorque	24	static
../Core/Src/herkulex.c:172:6:Herkulex_ClearError	24	static
../Core/Src/herkulex.c:185:9:Herkulex_ReadPosition	32	static
../Core/Src/herkulex.c:225:9:Herkulex_ReadPositionReliable	24	static
../Core/Src/herkulex.c:238:9:Herkulex_ReadTemperatureRaw	32	static
../Core/Src/herkulex.c:294:9:Herkulex_ReadTemperatureRawReliable	24	static
../Core/Src/herkulex.c:309:9:Herkulex_ConvertTemperatureRawToC	40	static
../Core/Src/herkulex.c:355:6:Herkulex_MoveToPosition	40	static
../Core/Src/herkulex.c:381:6:Herkulex_SyncMoveToPositions	80	static
../Core/Src/herkulex.c:442:6:Herkulex_SyncJogMixed	72	static
../Core/Src/herkulex.c:527:6:Herkulex_MoveSpeed	24	static
