../Core/Src/herkulex.c:30:13:Herkulex_SendPacket	96	static
../Core/Src/herkulex.c:60:13:Herkulex_SendStat	16	static
../Core/Src/herkulex.c:65:13:Herkulex_FlushRx	8	static
../Core/Src/herkulex.c:72:17:Herkulex_ReadRaw	32	static
../Core/Src/herkulex.c:105:16:Herkulex_ValidateStatusReply	24	static
../Core/Src/herkulex.c:125:9:Herkulex_ReadStatus	48	static
../Core/Src/herkulex.c:143:9:Herkulex_QuickPing	32	static
../Core/Src/herkulex.c:161:6:Herkulex_SetLed	24	static
../Core/Src/herkulex.c:167:6:Herkulex_SetTorque	24	static
../Core/Src/herkulex.c:173:6:Herkulex_ClearError	24	static
../Core/Src/herkulex.c:186:9:Herkulex_ReadPosition	32	static
../Core/Src/herkulex.c:226:9:Herkulex_ReadPositionReliable	24	static
../Core/Src/herkulex.c:239:9:Herkulex_ReadTemperatureRaw	32	static
../Core/Src/herkulex.c:295:9:Herkulex_ReadTemperatureRawReliable	24	static
../Core/Src/herkulex.c:310:9:Herkulex_ConvertTemperatureRawToC	40	static
../Core/Src/herkulex.c:356:6:Herkulex_MoveToPosition	40	static
../Core/Src/herkulex.c:382:6:Herkulex_SyncMoveToPositions	80	static
../Core/Src/herkulex.c:443:6:Herkulex_SyncJogMixed	72	static
../Core/Src/herkulex.c:528:6:Herkulex_MoveSpeed	24	static
