../Core/Src/motor_manager.c:295:6:MotorManager_Init	16	static
../Core/Src/motor_manager.c:318:6:MotorManager_Task	8	static
../Core/Src/motor_manager.c:327:6:MotorManager_ExecuteCommand	72	static
../Core/Src/motor_manager.c:650:9:MotorManager_GetPositionById	40	static
../Core/Src/motor_manager.c:675:15:Motor_FindIndex	24	static
../Core/Src/motor_manager.c:686:16:Motor_IsInPositionDeadZone	16	static
../Core/Src/motor_manager.c:692:13:Motor_SetState	32	static
../Core/Src/motor_manager.c:734:13:Motor_LogToJetson	56	static
../Core/Src/motor_manager.c:752:16:Motor_RecoverStandbyAndRetry	88	static
../Core/Src/motor_manager.c:985:13:Motor_LedTask	24	static
../Core/Src/motor_manager.c:1014:13:Motor_StartPositionMove	32	static
../Core/Src/motor_manager.c:1037:17:Motor_GetNextSegmentTarget	24	static
../Core/Src/motor_manager.c:1062:13:Motor_StartPositionSegment	48	static
../Core/Src/motor_manager.c:1088:13:Motor_StartSegmentedPositionMove	48	static
../Core/Src/motor_manager.c:1114:16:Motor_IsSyncSegmentMotor	24	static
../Core/Src/motor_manager.c:1141:16:Motor_IsAnyMoveActive	16	static
../Core/Src/motor_manager.c:1159:13:Motor_CancelSyncSegment	8	static
../Core/Src/motor_manager.c:1167:13:Motor_BrakeSyncSegmentMotors	16	static
../Core/Src/motor_manager.c:1193:16:Motor_ReadPositionConfirmed	24	static
../Core/Src/motor_manager.c:1213:16:Motor_ReadPositionTolerant	40	static
../Core/Src/motor_manager.c:1259:13:Motor_StartSegmentedSyncMove	40	static
../Core/Src/motor_manager.c:1314:13:Motor_StartSyncSegment	96	static
../Core/Src/motor_manager.c:1427:13:Motor_SyncSegmentTask	72	static
../Core/Src/motor_manager.c:1608:6:MotorManager_StartDeployment	8	static
../Core/Src/motor_manager.c:1613:6:MotorManager_StartRetract	8	static
../Core/Src/motor_manager.c:1618:9:MotorManager_IsMissionActive	8	static
../Core/Src/motor_manager.c:1623:9:MotorManager_GetLastMissionSucceeded	8	static
../Core/Src/motor_manager.c:1628:16:Deployment_ValidateTarget	16	static
../Core/Src/motor_manager.c:1634:13:Deployment_NotifyManualAbort	8	static
../Core/Src/motor_manager.c:1646:13:Deployment_StartMotor1	32	static
../Core/Src/motor_manager.c:1674:13:Deployment_StartRetractSequence	8	static
../Core/Src/motor_manager.c:1693:13:Deployment_StartRetractA	56	static
../Core/Src/motor_manager.c:1740:13:Deployment_StartRetractC	16	static
../Core/Src/motor_manager.c:1764:13:Deployment_StartRetractD	24	static
../Core/Src/motor_manager.c:1790:13:Deployment_StartSettle	16	static
../Core/Src/motor_manager.c:1809:13:Deployment_SettleTask	16	static
../Core/Src/motor_manager.c:1832:13:Deployment_StartMoveToStowed	56	static
../Core/Src/motor_manager.c:1856:13:Deployment_Start	64	static
../Core/Src/motor_manager.c:1961:13:Deployment_StartStage1	48	static
../Core/Src/motor_manager.c:2000:13:Deployment_StartStage1B	32	static
../Core/Src/motor_manager.c:2032:13:Deployment_StartStage3	72	static
../Core/Src/motor_manager.c:2096:13:Deployment_StartSeating	88	static
../Core/Src/motor_manager.c:2176:13:Deployment_SeatingTask	16	static
../Core/Src/motor_manager.c:2205:13:Deployment_StartRetract	32	static
../Core/Src/motor_manager.c:2226:13:Deployment_Task	40	static
../Core/Src/motor_manager.c:2436:13:Motor_PositionMoveTask	64	static
../Core/Src/motor_manager.c:2638:13:Motor_ConnectionTask	32	static
../Core/Src/motor_manager.c:2717:13:Motor_DiscoveryTask	24	static
../Core/Src/motor_manager.c:2772:13:Motor_InitializeAll	40	static
../Core/Src/motor_manager.c:2832:13:Motor_SyncInitializeAll	48	static
../Core/Src/motor_manager.c:2898:13:Motor_ExecuteSyncCommand	80	static
../Core/Src/motor_manager.c:3065:13:Motor_ExecuteMixedCommand	144	static
../Core/Src/motor_manager.c:3320:13:Motor_StopAll	24	static
../Core/Src/motor_manager.c:3351:13:Motor_BrakeAll	32	static
../Core/Src/motor_manager.c:3387:13:Motor_PrintAllStatus	24	static
../Core/Src/motor_manager.c:3416:13:Motor_PrintAllPositions	24	static
../Core/Src/motor_manager.c:3438:13:Motor_CalculateMoveDuration	24	static
../Core/Src/motor_manager.c:3451:13:Motor_PrintDeadZoneWarning	16	static
../Core/Src/motor_manager.c:3460:9:MotorManager_GetInternalTemperatureCById	40	static
