../Core/Src/motor_manager.c:265:6:MotorManager_Init	16	static
../Core/Src/motor_manager.c:288:6:MotorManager_Task	8	static
../Core/Src/motor_manager.c:297:6:MotorManager_ExecuteCommand	72	static
../Core/Src/motor_manager.c:598:9:MotorManager_GetPositionById	40	static
../Core/Src/motor_manager.c:623:15:Motor_FindIndex	24	static
../Core/Src/motor_manager.c:634:16:Motor_IsInPositionDeadZone	16	static
../Core/Src/motor_manager.c:640:13:Motor_SetState	32	static
../Core/Src/motor_manager.c:682:13:Motor_LogToJetson	56	static
../Core/Src/motor_manager.c:700:16:Motor_RecoverStandbyAndRetry	88	static
../Core/Src/motor_manager.c:933:13:Motor_LedTask	24	static
../Core/Src/motor_manager.c:962:13:Motor_StartPositionMove	32	static
../Core/Src/motor_manager.c:985:17:Motor_GetNextSegmentTarget	24	static
../Core/Src/motor_manager.c:1010:13:Motor_StartPositionSegment	48	static
../Core/Src/motor_manager.c:1036:13:Motor_StartSegmentedPositionMove	48	static
../Core/Src/motor_manager.c:1062:16:Motor_IsSyncSegmentMotor	24	static
../Core/Src/motor_manager.c:1089:16:Motor_IsAnyMoveActive	16	static
../Core/Src/motor_manager.c:1107:13:Motor_CancelSyncSegment	8	static
../Core/Src/motor_manager.c:1115:13:Motor_BrakeSyncSegmentMotors	16	static
../Core/Src/motor_manager.c:1136:13:Motor_StartSegmentedSyncMove	40	static
../Core/Src/motor_manager.c:1190:13:Motor_StartSyncSegment	96	static
../Core/Src/motor_manager.c:1303:13:Motor_SyncSegmentTask	72	static
../Core/Src/motor_manager.c:1474:16:Deployment_ValidateTarget	16	static
../Core/Src/motor_manager.c:1480:13:Deployment_NotifyManualAbort	8	static
../Core/Src/motor_manager.c:1488:13:Deployment_StartMoveToStowed	48	static
../Core/Src/motor_manager.c:1509:13:Deployment_Start	56	static
../Core/Src/motor_manager.c:1605:13:Deployment_StartStage1	32	static
../Core/Src/motor_manager.c:1639:13:Deployment_StartStage2	56	static
../Core/Src/motor_manager.c:1686:13:Deployment_StartStage3	72	static
../Core/Src/motor_manager.c:1750:13:Deployment_StartSeating	88	static
../Core/Src/motor_manager.c:1828:13:Deployment_SeatingTask	16	static
../Core/Src/motor_manager.c:1855:13:Deployment_StartRetract	32	static
../Core/Src/motor_manager.c:1876:13:Deployment_Task	24	static
../Core/Src/motor_manager.c:2004:13:Motor_PositionMoveTask	64	static
../Core/Src/motor_manager.c:2206:13:Motor_ConnectionTask	32	static
../Core/Src/motor_manager.c:2285:13:Motor_DiscoveryTask	24	static
../Core/Src/motor_manager.c:2340:13:Motor_InitializeAll	40	static
../Core/Src/motor_manager.c:2400:13:Motor_SyncInitializeAll	48	static
../Core/Src/motor_manager.c:2466:13:Motor_ExecuteSyncCommand	80	static
../Core/Src/motor_manager.c:2633:13:Motor_ExecuteMixedCommand	144	static
../Core/Src/motor_manager.c:2888:13:Motor_StopAll	24	static
../Core/Src/motor_manager.c:2919:13:Motor_BrakeAll	32	static
../Core/Src/motor_manager.c:2955:13:Motor_PrintAllStatus	24	static
../Core/Src/motor_manager.c:2984:13:Motor_PrintAllPositions	24	static
../Core/Src/motor_manager.c:3006:13:Motor_CalculateMoveDuration	24	static
../Core/Src/motor_manager.c:3019:13:Motor_PrintDeadZoneWarning	16	static
../Core/Src/motor_manager.c:3028:9:MotorManager_GetInternalTemperatureCById	40	static
