../Core/Src/rover_state.c:54:13:StateToString	8	static
../Core/Src/rover_state.c:69:13:FaultToString	8	static
../Core/Src/rover_state.c:87:9:RoverState_IsLocked	8	static
../Core/Src/rover_state.c:92:9:RoverState_SetState	24	static
../Core/Src/rover_state.c:111:9:RoverState_SetStateFromString	16	static
../Core/Src/rover_state.c:156:16:FaultIsCritical	16	static
../Core/Src/rover_state.c:168:6:ReportFault	16	static
../Core/Src/rover_state.c:188:6:RecoverFromFault	8	static
../Core/Src/rover_state.c:197:6:PrintState	8	static
../Core/Src/rover_state.c:202:6:RoverState_InstructJetson	16	static
../Core/Src/rover_state.c:212:6:RoverState_SetPowerSwitch	16	static
../Core/Src/rover_state.c:225:13:RoverState_PowerSequenceTask	8	static
../Core/Src/rover_state.c:252:13:RoverState_PowerSwitchesOff	16	static
../Core/Src/rover_state.c:260:6:RoverState_InitPowerSwitches	40	static
../Core/Src/rover_state.c:281:13:RoverState_OnEnter	16	static
../Core/Src/rover_state.c:316:13:RoverState_ShutdownTask	8	static
../Core/Src/rover_state.c:347:6:RoverState_AutoCheckTask	16	static
../Core/Src/rover_state.c:362:6:RoverState_ModeTask	24	static
../Core/Src/rover_state.c:433:6:Robot_Task	16	static
