../Core/Src/rover_state.c:60:13:StateToString	8	static
../Core/Src/rover_state.c:75:13:FaultToString	8	static
../Core/Src/rover_state.c:93:9:RoverState_IsLocked	8	static
../Core/Src/rover_state.c:98:9:RoverState_SetState	24	static
../Core/Src/rover_state.c:117:9:RoverState_SetStateFromString	16	static
../Core/Src/rover_state.c:162:16:FaultIsCritical	16	static
../Core/Src/rover_state.c:174:6:ReportFault	16	static
../Core/Src/rover_state.c:194:6:RecoverFromFault	8	static
../Core/Src/rover_state.c:203:6:PrintState	8	static
../Core/Src/rover_state.c:208:6:RoverState_InstructJetson	72	static
../Core/Src/rover_state.c:220:6:RoverState_SetPowerSwitch	24	static
../Core/Src/rover_state.c:239:9:RoverState_IsPowerSwitchOn	16	static
../Core/Src/rover_state.c:244:10:RoverState_PowerSwitchOnTimeMs	16	static
../Core/Src/rover_state.c:254:13:RoverState_PowerSequenceTask	8	static
../Core/Src/rover_state.c:281:13:RoverState_PowerSwitchesOff	16	static
../Core/Src/rover_state.c:289:6:RoverState_InitPowerSwitches	40	static
../Core/Src/rover_state.c:312:13:RoverState_OnEnter	16	static
../Core/Src/rover_state.c:351:13:RoverState_ShutdownTask	8	static
../Core/Src/rover_state.c:382:6:RoverState_AutoCheckTask	16	static
../Core/Src/rover_state.c:397:6:RoverState_ModeTask	24	static
../Core/Src/rover_state.c:482:6:Robot_Task	16	static
