../Core/Src/temperature_sensor.c:66:6:TemperatureSensor_Init	16	static
../Core/Src/temperature_sensor.c:73:6:HAL_ADC_ConvCpltCallback	16	static
../Core/Src/temperature_sensor.c:81:13:TemperatureSensor_InvalidateChannel	16	static
../Core/Src/temperature_sensor.c:94:16:TemperatureSensor_IsSupplyValid	16	static
../Core/Src/temperature_sensor.c:104:16:TemperatureSensor_IsChannelValid	24	static
../Core/Src/temperature_sensor.c:143:14:ConvertAdcToVoltage	16	static
../Core/Src/temperature_sensor.c:148:14:ConvertPtVoltageToResistance	32	static
../Core/Src/temperature_sensor.c:173:14:CalculatePt1000ResistanceFromTemperature	32	static
../Core/Src/temperature_sensor.c:200:14:ConvertPt1000ResistanceToTemperature	56	static
../Core/Src/temperature_sensor.c:278:9:TemperatureSensor_Read	56	static
../Core/Src/temperature_sensor.c:378:13:PrintFixed1	32	static
../Core/Src/temperature_sensor.c:391:13:PrintFixed2	32	static
../Core/Src/temperature_sensor.c:404:6:TemperatureSensor_PrintHeartbeat	112	static
