[1.731s] Invoking command in '/workspaces/IRS_Rover_ROS2_Workspace/rover_ws/src/rover_control': PYTHONPATH=/workspaces/IRS_Rover_ROS2_Workspace/rover_ws/build/rover_control/prefix_override:/usr/lib/python3/dist-packages/colcon_core/task/python/colcon_distutils_commands:/workspaces/IRS_Rover_ROS2_Workspace/rover_ws/install/rover_control/lib/python3.10/site-packages:${PYTHONPATH} /usr/bin/python3 -W ignore:setup.py install is deprecated -W ignore:easy_install command is deprecated setup.py egg_info --egg-base ../../build/rover_control build --build-base /workspaces/IRS_Rover_ROS2_Workspace/rover_ws/build/rover_control/build install --record /workspaces/IRS_Rover_ROS2_Workspace/rover_ws/build/rover_control/install.log --single-version-externally-managed install_data
[2.263s] running egg_info
[2.269s] creating ../../build/rover_control/rover_control.egg-info
[2.272s] writing ../../build/rover_control/rover_control.egg-info/PKG-INFO
[2.277s] writing dependency_links to ../../build/rover_control/rover_control.egg-info/dependency_links.txt
[2.288s] writing entry points to ../../build/rover_control/rover_control.egg-info/entry_points.txt
[2.291s] writing requirements to ../../build/rover_control/rover_control.egg-info/requires.txt
[2.295s] writing top-level names to ../../build/rover_control/rover_control.egg-info/top_level.txt
[2.300s] writing manifest file '../../build/rover_control/rover_control.egg-info/SOURCES.txt'
[2.322s] reading manifest file '../../build/rover_control/rover_control.egg-info/SOURCES.txt'
[2.336s] writing manifest file '../../build/rover_control/rover_control.egg-info/SOURCES.txt'
[2.346s] running build
[2.348s] running build_py
[2.352s] creating /workspaces/IRS_Rover_ROS2_Workspace/rover_ws/build/rover_control/build
[2.353s] creating /workspaces/IRS_Rover_ROS2_Workspace/rover_ws/build/rover_control/build/lib
[2.355s] creating /workspaces/IRS_Rover_ROS2_Workspace/rover_ws/build/rover_control/build/lib/rover_control
[2.357s] copying rover_control/fake_stm32_bridge_node.py -> /workspaces/IRS_Rover_ROS2_Workspace/rover_ws/build/rover_control/build/lib/rover_control
[2.362s] copying rover_control/wifi_node.py -> /workspaces/IRS_Rover_ROS2_Workspace/rover_ws/build/rover_control/build/lib/rover_control
[2.366s] copying rover_control/__init__.py -> /workspaces/IRS_Rover_ROS2_Workspace/rover_ws/build/rover_control/build/lib/rover_control
[2.369s] copying rover_control/rover_pose_node.py -> /workspaces/IRS_Rover_ROS2_Workspace/rover_ws/build/rover_control/build/lib/rover_control
[2.370s] copying rover_control/set_mode_node.py -> /workspaces/IRS_Rover_ROS2_Workspace/rover_ws/build/rover_control/build/lib/rover_control
[2.375s] copying rover_control/test:commands.py -> /workspaces/IRS_Rover_ROS2_Workspace/rover_ws/build/rover_control/build/lib/rover_control
[2.378s] copying rover_control/stm_bridge_node.py -> /workspaces/IRS_Rover_ROS2_Workspace/rover_ws/build/rover_control/build/lib/rover_control
[2.386s] copying rover_control/command_node.py -> /workspaces/IRS_Rover_ROS2_Workspace/rover_ws/build/rover_control/build/lib/rover_control
[2.395s] running install
[2.396s] running install_lib
[2.399s] creating /workspaces/IRS_Rover_ROS2_Workspace/rover_ws/install/rover_control/lib/python3.10/site-packages/rover_control
[2.403s] copying /workspaces/IRS_Rover_ROS2_Workspace/rover_ws/build/rover_control/build/lib/rover_control/fake_stm32_bridge_node.py -> /workspaces/IRS_Rover_ROS2_Workspace/rover_ws/install/rover_control/lib/python3.10/site-packages/rover_control
[2.406s] copying /workspaces/IRS_Rover_ROS2_Workspace/rover_ws/build/rover_control/build/lib/rover_control/wifi_node.py -> /workspaces/IRS_Rover_ROS2_Workspace/rover_ws/install/rover_control/lib/python3.10/site-packages/rover_control
[2.413s] copying /workspaces/IRS_Rover_ROS2_Workspace/rover_ws/build/rover_control/build/lib/rover_control/__init__.py -> /workspaces/IRS_Rover_ROS2_Workspace/rover_ws/install/rover_control/lib/python3.10/site-packages/rover_control
[2.416s] copying /workspaces/IRS_Rover_ROS2_Workspace/rover_ws/build/rover_control/build/lib/rover_control/rover_pose_node.py -> /workspaces/IRS_Rover_ROS2_Workspace/rover_ws/install/rover_control/lib/python3.10/site-packages/rover_control
[2.419s] copying /workspaces/IRS_Rover_ROS2_Workspace/rover_ws/build/rover_control/build/lib/rover_control/set_mode_node.py -> /workspaces/IRS_Rover_ROS2_Workspace/rover_ws/install/rover_control/lib/python3.10/site-packages/rover_control
[2.421s] copying /workspaces/IRS_Rover_ROS2_Workspace/rover_ws/build/rover_control/build/lib/rover_control/test:commands.py -> /workspaces/IRS_Rover_ROS2_Workspace/rover_ws/install/rover_control/lib/python3.10/site-packages/rover_control
[2.426s] copying /workspaces/IRS_Rover_ROS2_Workspace/rover_ws/build/rover_control/build/lib/rover_control/stm_bridge_node.py -> /workspaces/IRS_Rover_ROS2_Workspace/rover_ws/install/rover_control/lib/python3.10/site-packages/rover_control
[2.430s] copying /workspaces/IRS_Rover_ROS2_Workspace/rover_ws/build/rover_control/build/lib/rover_control/command_node.py -> /workspaces/IRS_Rover_ROS2_Workspace/rover_ws/install/rover_control/lib/python3.10/site-packages/rover_control
[2.436s] byte-compiling /workspaces/IRS_Rover_ROS2_Workspace/rover_ws/install/rover_control/lib/python3.10/site-packages/rover_control/fake_stm32_bridge_node.py to fake_stm32_bridge_node.cpython-310.pyc
[2.446s] byte-compiling /workspaces/IRS_Rover_ROS2_Workspace/rover_ws/install/rover_control/lib/python3.10/site-packages/rover_control/wifi_node.py to wifi_node.cpython-310.pyc
[2.454s] byte-compiling /workspaces/IRS_Rover_ROS2_Workspace/rover_ws/install/rover_control/lib/python3.10/site-packages/rover_control/__init__.py to __init__.cpython-310.pyc
[2.461s] byte-compiling /workspaces/IRS_Rover_ROS2_Workspace/rover_ws/install/rover_control/lib/python3.10/site-packages/rover_control/rover_pose_node.py to rover_pose_node.cpython-310.pyc
[2.472s] byte-compiling /workspaces/IRS_Rover_ROS2_Workspace/rover_ws/install/rover_control/lib/python3.10/site-packages/rover_control/set_mode_node.py to set_mode_node.cpython-310.pyc
[2.479s] byte-compiling /workspaces/IRS_Rover_ROS2_Workspace/rover_ws/install/rover_control/lib/python3.10/site-packages/rover_control/test:commands.py to test:commands.cpython-310.pyc
[2.490s] byte-compiling /workspaces/IRS_Rover_ROS2_Workspace/rover_ws/install/rover_control/lib/python3.10/site-packages/rover_control/stm_bridge_node.py to stm_bridge_node.cpython-310.pyc
[2.503s] byte-compiling /workspaces/IRS_Rover_ROS2_Workspace/rover_ws/install/rover_control/lib/python3.10/site-packages/rover_control/command_node.py to command_node.cpython-310.pyc
[2.514s] running install_data
[2.517s] creating /workspaces/IRS_Rover_ROS2_Workspace/rover_ws/install/rover_control/share/ament_index
[2.520s] creating /workspaces/IRS_Rover_ROS2_Workspace/rover_ws/install/rover_control/share/ament_index/resource_index
[2.522s] creating /workspaces/IRS_Rover_ROS2_Workspace/rover_ws/install/rover_control/share/ament_index/resource_index/packages
[2.524s] copying resource/rover_control -> /workspaces/IRS_Rover_ROS2_Workspace/rover_ws/install/rover_control/share/ament_index/resource_index/packages
[2.531s] copying package.xml -> /workspaces/IRS_Rover_ROS2_Workspace/rover_ws/install/rover_control/share/rover_control
[2.547s] running install_egg_info
[2.551s] Copying ../../build/rover_control/rover_control.egg-info to /workspaces/IRS_Rover_ROS2_Workspace/rover_ws/install/rover_control/lib/python3.10/site-packages/rover_control-0.0.0-py3.10.egg-info
[2.608s] running install_scripts
[2.662s] Installing command_node script to /workspaces/IRS_Rover_ROS2_Workspace/rover_ws/install/rover_control/lib/rover_control
[2.667s] Installing fake_stm32_bridge_node script to /workspaces/IRS_Rover_ROS2_Workspace/rover_ws/install/rover_control/lib/rover_control
[2.671s] Installing rover_pose_node script to /workspaces/IRS_Rover_ROS2_Workspace/rover_ws/install/rover_control/lib/rover_control
[2.677s] Installing set_mode_node script to /workspaces/IRS_Rover_ROS2_Workspace/rover_ws/install/rover_control/lib/rover_control
[2.687s] Installing stm_bridge_node script to /workspaces/IRS_Rover_ROS2_Workspace/rover_ws/install/rover_control/lib/rover_control
[2.734s] Installing wifi_node script to /workspaces/IRS_Rover_ROS2_Workspace/rover_ws/install/rover_control/lib/rover_control
[2.736s] writing list of installed files to '/workspaces/IRS_Rover_ROS2_Workspace/rover_ws/build/rover_control/install.log'
[2.883s] Invoked command in '/workspaces/IRS_Rover_ROS2_Workspace/rover_ws/src/rover_control' returned '0': PYTHONPATH=/workspaces/IRS_Rover_ROS2_Workspace/rover_ws/build/rover_control/prefix_override:/usr/lib/python3/dist-packages/colcon_core/task/python/colcon_distutils_commands:/workspaces/IRS_Rover_ROS2_Workspace/rover_ws/install/rover_control/lib/python3.10/site-packages:${PYTHONPATH} /usr/bin/python3 -W ignore:setup.py install is deprecated -W ignore:easy_install command is deprecated setup.py egg_info --egg-base ../../build/rover_control build --build-base /workspaces/IRS_Rover_ROS2_Workspace/rover_ws/build/rover_control/build install --record /workspaces/IRS_Rover_ROS2_Workspace/rover_ws/build/rover_control/install.log --single-version-externally-managed install_data
